Archive member included to satisfy reference by file (symbol)

c:/st/stm32cubeide_1.5.0/stm32cubeide/plugins/com.st.stm32cube.ide.mcu.externaltools.gnu-tools-for-stm32.7-2018-q2-update.win32_1.5.0.202011040924/tools/bin/../lib/gcc/arm-none-eabi/7.3.1/../../../../arm-none-eabi/lib/thumb/v7-m\libc_nano.a(lib_a-errno.o)
                              Core/Src/syscalls.o (__errno)
c:/st/stm32cubeide_1.5.0/stm32cubeide/plugins/com.st.stm32cube.ide.mcu.externaltools.gnu-tools-for-stm32.7-2018-q2-update.win32_1.5.0.202011040924/tools/bin/../lib/gcc/arm-none-eabi/7.3.1/../../../../arm-none-eabi/lib/thumb/v7-m\libc_nano.a(lib_a-exit.o)
                              c:/st/stm32cubeide_1.5.0/stm32cubeide/plugins/com.st.stm32cube.ide.mcu.externaltools.gnu-tools-for-stm32.7-2018-q2-update.win32_1.5.0.202011040924/tools/bin/../lib/gcc/arm-none-eabi/7.3.1/../../../../arm-none-eabi/lib/thumb/v7-m/crt0.o (exit)
c:/st/stm32cubeide_1.5.0/stm32cubeide/plugins/com.st.stm32cube.ide.mcu.externaltools.gnu-tools-for-stm32.7-2018-q2-update.win32_1.5.0.202011040924/tools/bin/../lib/gcc/arm-none-eabi/7.3.1/../../../../arm-none-eabi/lib/thumb/v7-m\libc_nano.a(lib_a-impure.o)
                              c:/st/stm32cubeide_1.5.0/stm32cubeide/plugins/com.st.stm32cube.ide.mcu.externaltools.gnu-tools-for-stm32.7-2018-q2-update.win32_1.5.0.202011040924/tools/bin/../lib/gcc/arm-none-eabi/7.3.1/../../../../arm-none-eabi/lib/thumb/v7-m\libc_nano.a(lib_a-exit.o) (_global_impure_ptr)
c:/st/stm32cubeide_1.5.0/stm32cubeide/plugins/com.st.stm32cube.ide.mcu.externaltools.gnu-tools-for-stm32.7-2018-q2-update.win32_1.5.0.202011040924/tools/bin/../lib/gcc/arm-none-eabi/7.3.1/../../../../arm-none-eabi/lib/thumb/v7-m\libc_nano.a(lib_a-init.o)
                              c:/st/stm32cubeide_1.5.0/stm32cubeide/plugins/com.st.stm32cube.ide.mcu.externaltools.gnu-tools-for-stm32.7-2018-q2-update.win32_1.5.0.202011040924/tools/bin/../lib/gcc/arm-none-eabi/7.3.1/../../../../arm-none-eabi/lib/thumb/v7-m/crt0.o (__libc_init_array)
c:/st/stm32cubeide_1.5.0/stm32cubeide/plugins/com.st.stm32cube.ide.mcu.externaltools.gnu-tools-for-stm32.7-2018-q2-update.win32_1.5.0.202011040924/tools/bin/../lib/gcc/arm-none-eabi/7.3.1/../../../../arm-none-eabi/lib/thumb/v7-m\libc_nano.a(lib_a-malloc.o)
                              Middlewares/ST/STM32_USB_Device_Library/Class/CDC/Src/usbd_cdc.o (malloc)
c:/st/stm32cubeide_1.5.0/stm32cubeide/plugins/com.st.stm32cube.ide.mcu.externaltools.gnu-tools-for-stm32.7-2018-q2-update.win32_1.5.0.202011040924/tools/bin/../lib/gcc/arm-none-eabi/7.3.1/../../../../arm-none-eabi/lib/thumb/v7-m\libc_nano.a(lib_a-memset.o)
                              c:/st/stm32cubeide_1.5.0/stm32cubeide/plugins/com.st.stm32cube.ide.mcu.externaltools.gnu-tools-for-stm32.7-2018-q2-update.win32_1.5.0.202011040924/tools/bin/../lib/gcc/arm-none-eabi/7.3.1/../../../../arm-none-eabi/lib/thumb/v7-m/crt0.o (memset)
c:/st/stm32cubeide_1.5.0/stm32cubeide/plugins/com.st.stm32cube.ide.mcu.externaltools.gnu-tools-for-stm32.7-2018-q2-update.win32_1.5.0.202011040924/tools/bin/../lib/gcc/arm-none-eabi/7.3.1/../../../../arm-none-eabi/lib/thumb/v7-m\libc_nano.a(lib_a-nano-freer.o)
                              c:/st/stm32cubeide_1.5.0/stm32cubeide/plugins/com.st.stm32cube.ide.mcu.externaltools.gnu-tools-for-stm32.7-2018-q2-update.win32_1.5.0.202011040924/tools/bin/../lib/gcc/arm-none-eabi/7.3.1/../../../../arm-none-eabi/lib/thumb/v7-m\libc_nano.a(lib_a-malloc.o) (_free_r)
c:/st/stm32cubeide_1.5.0/stm32cubeide/plugins/com.st.stm32cube.ide.mcu.externaltools.gnu-tools-for-stm32.7-2018-q2-update.win32_1.5.0.202011040924/tools/bin/../lib/gcc/arm-none-eabi/7.3.1/../../../../arm-none-eabi/lib/thumb/v7-m\libc_nano.a(lib_a-nano-mallocr.o)
                              c:/st/stm32cubeide_1.5.0/stm32cubeide/plugins/com.st.stm32cube.ide.mcu.externaltools.gnu-tools-for-stm32.7-2018-q2-update.win32_1.5.0.202011040924/tools/bin/../lib/gcc/arm-none-eabi/7.3.1/../../../../arm-none-eabi/lib/thumb/v7-m\libc_nano.a(lib_a-malloc.o) (_malloc_r)
c:/st/stm32cubeide_1.5.0/stm32cubeide/plugins/com.st.stm32cube.ide.mcu.externaltools.gnu-tools-for-stm32.7-2018-q2-update.win32_1.5.0.202011040924/tools/bin/../lib/gcc/arm-none-eabi/7.3.1/../../../../arm-none-eabi/lib/thumb/v7-m\libc_nano.a(lib_a-puts.o)
                              Core/Src/main.o (puts)
c:/st/stm32cubeide_1.5.0/stm32cubeide/plugins/com.st.stm32cube.ide.mcu.externaltools.gnu-tools-for-stm32.7-2018-q2-update.win32_1.5.0.202011040924/tools/bin/../lib/gcc/arm-none-eabi/7.3.1/../../../../arm-none-eabi/lib/thumb/v7-m\libc_nano.a(lib_a-sbrkr.o)
                              c:/st/stm32cubeide_1.5.0/stm32cubeide/plugins/com.st.stm32cube.ide.mcu.externaltools.gnu-tools-for-stm32.7-2018-q2-update.win32_1.5.0.202011040924/tools/bin/../lib/gcc/arm-none-eabi/7.3.1/../../../../arm-none-eabi/lib/thumb/v7-m\libc_nano.a(lib_a-nano-mallocr.o) (_sbrk_r)
[...]
Memory Configuration

Name             Origin             Length             Attributes
RAM              0x0000000020000000 0x0000000000020000 xrw
FLASH            0x0000000008000000 0x0000000000100000 xr
*default*        0x0000000000000000 0xffffffffffffffff

Linker script and memory map

LOAD c:/st/stm32cubeide_1.5.0/stm32cubeide/plugins/com.st.stm32cube.ide.mcu.externaltools.gnu-tools-for-stm32.7-2018-q2-update.win32_1.5.0.202011040924/tools/bin/../lib/gcc/arm-none-eabi/7.3.1/thumb/v7-m/crti.o
LOAD c:/st/stm32cubeide_1.5.0/stm32cubeide/plugins/com.st.stm32cube.ide.mcu.externaltools.gnu-tools-for-stm32.7-2018-q2-update.win32_1.5.0.202011040924/tools/bin/../lib/gcc/arm-none-eabi/7.3.1/thumb/v7-m/crtbegin.o
LOAD c:/st/stm32cubeide_1.5.0/stm32cubeide/plugins/com.st.stm32cube.ide.mcu.externaltools.gnu-tools-for-stm32.7-2018-q2-update.win32_1.5.0.202011040924/tools/bin/../lib/gcc/arm-none-eabi/7.3.1/../../../../arm-none-eabi/lib/thumb/v7-m/crt0.o
LOAD Core/Src/gpio.o
LOAD Core/Src/main.o
LOAD Core/Src/stm32f2xx_hal_msp.o
LOAD Core/Src/stm32f2xx_it.o
LOAD Core/Src/syscalls.o
LOAD Core/Src/sysmem.o
LOAD Core/Src/system_stm32f2xx.o
LOAD Core/Src/usart.o
LOAD Core/Startup/startup_stm32f207zgtx.o
LOAD Drivers/STM32F2xx_HAL_Driver/Src/stm32f2xx_hal.o
LOAD Drivers/STM32F2xx_HAL_Driver/Src/stm32f2xx_hal_cortex.o
LOAD Drivers/STM32F2xx_HAL_Driver/Src/stm32f2xx_hal_dma.o
LOAD Drivers/STM32F2xx_HAL_Driver/Src/stm32f2xx_hal_dma_ex.o
LOAD Drivers/STM32F2xx_HAL_Driver/Src/stm32f2xx_hal_exti.o
LOAD Drivers/STM32F2xx_HAL_Driver/Src/stm32f2xx_hal_flash.o
LOAD Drivers/STM32F2xx_HAL_Driver/Src/stm32f2xx_hal_flash_ex.o
LOAD Drivers/STM32F2xx_HAL_Driver/Src/stm32f2xx_hal_gpio.o
LOAD Drivers/STM32F2xx_HAL_Driver/Src/stm32f2xx_hal_pcd.o
LOAD Drivers/STM32F2xx_HAL_Driver/Src/stm32f2xx_hal_pcd_ex.o
LOAD Drivers/STM32F2xx_HAL_Driver/Src/stm32f2xx_hal_pwr.o
LOAD Drivers/STM32F2xx_HAL_Driver/Src/stm32f2xx_hal_pwr_ex.o
LOAD Drivers/STM32F2xx_HAL_Driver/Src/stm32f2xx_hal_rcc.o
LOAD Drivers/STM32F2xx_HAL_Driver/Src/stm32f2xx_hal_rcc_ex.o
LOAD Drivers/STM32F2xx_HAL_Driver/Src/stm32f2xx_hal_tim.o
LOAD Drivers/STM32F2xx_HAL_Driver/Src/stm32f2xx_hal_tim_ex.o
LOAD Drivers/STM32F2xx_HAL_Driver/Src/stm32f2xx_hal_uart.o
LOAD Drivers/STM32F2xx_HAL_Driver/Src/stm32f2xx_ll_usb.o
LOAD Middlewares/ST/STM32_USB_Device_Library/Class/CDC/Src/usbd_cdc.o
LOAD Middlewares/ST/STM32_USB_Device_Library/Core/Src/usbd_core.o
LOAD Middlewares/ST/STM32_USB_Device_Library/Core/Src/usbd_ctlreq.o
LOAD Middlewares/ST/STM32_USB_Device_Library/Core/Src/usbd_ioreq.o
LOAD USB_DEVICE/App/usb_device.o
LOAD USB_DEVICE/App/usbd_cdc_if.o
LOAD USB_DEVICE/App/usbd_desc.o
LOAD USB_DEVICE/Target/usbd_conf.o
START GROUP
LOAD c:/st/stm32cubeide_1.5.0/stm32cubeide/plugins/com.st.stm32cube.ide.mcu.externaltools.gnu-tools-for-stm32.7-2018-q2-update.win32_1.5.0.202011040924/tools/bin/../lib/gcc/arm-none-eabi/7.3.1/../../../../arm-none-eabi/lib/thumb/v7-m\libc_nano.a
LOAD c:/st/stm32cubeide_1.5.0/stm32cubeide/plugins/com.st.stm32cube.ide.mcu.externaltools.gnu-tools-for-stm32.7-2018-q2-update.win32_1.5.0.202011040924/tools/bin/../lib/gcc/arm-none-eabi/7.3.1/../../../../arm-none-eabi/lib/thumb/v7-m\libm.a
END GROUP
START GROUP
LOAD c:/st/stm32cubeide_1.5.0/stm32cubeide/plugins/com.st.stm32cube.ide.mcu.externaltools.gnu-tools-for-stm32.7-2018-q2-update.win32_1.5.0.202011040924/tools/bin/../lib/gcc/arm-none-eabi/7.3.1/thumb/v7-m\libgcc.a
LOAD c:/st/stm32cubeide_1.5.0/stm32cubeide/plugins/com.st.stm32cube.ide.mcu.externaltools.gnu-tools-for-stm32.7-2018-q2-update.win32_1.5.0.202011040924/tools/bin/../lib/gcc/arm-none-eabi/7.3.1/../../../../arm-none-eabi/lib/thumb/v7-m\libc_nano.a
END GROUP
START GROUP
LOAD c:/st/stm32cubeide_1.5.0/stm32cubeide/plugins/com.st.stm32cube.ide.mcu.externaltools.gnu-tools-for-stm32.7-2018-q2-update.win32_1.5.0.202011040924/tools/bin/../lib/gcc/arm-none-eabi/7.3.1/thumb/v7-m\libgcc.a
LOAD c:/st/stm32cubeide_1.5.0/stm32cubeide/plugins/com.st.stm32cube.ide.mcu.externaltools.gnu-tools-for-stm32.7-2018-q2-update.win32_1.5.0.202011040924/tools/bin/../lib/gcc/arm-none-eabi/7.3.1/../../../../arm-none-eabi/lib/thumb/v7-m\libc_nano.a
LOAD c:/st/stm32cubeide_1.5.0/stm32cubeide/plugins/com.st.stm32cube.ide.mcu.externaltools.gnu-tools-for-stm32.7-2018-q2-update.win32_1.5.0.202011040924/tools/bin/../lib/gcc/arm-none-eabi/7.3.1/../../../../arm-none-eabi/lib/thumb/v7-m\libnosys.a
END GROUP
START GROUP
LOAD c:/st/stm32cubeide_1.5.0/stm32cubeide/plugins/com.st.stm32cube.ide.mcu.externaltools.gnu-tools-for-stm32.7-2018-q2-update.win32_1.5.0.202011040924/tools/bin/../lib/gcc/arm-none-eabi/7.3.1/thumb/v7-m\libgcc.a
LOAD c:/st/stm32cubeide_1.5.0/stm32cubeide/plugins/com.st.stm32cube.ide.mcu.externaltools.gnu-tools-for-stm32.7-2018-q2-update.win32_1.5.0.202011040924/tools/bin/../lib/gcc/arm-none-eabi/7.3.1/../../../../arm-none-eabi/lib/thumb/v7-m\libc_nano.a
LOAD c:/st/stm32cubeide_1.5.0/stm32cubeide/plugins/com.st.stm32cube.ide.mcu.externaltools.gnu-tools-for-stm32.7-2018-q2-update.win32_1.5.0.202011040924/tools/bin/../lib/gcc/arm-none-eabi/7.3.1/../../../../arm-none-eabi/lib/thumb/v7-m\libnosys.a
END GROUP
LOAD c:/st/stm32cubeide_1.5.0/stm32cubeide/plugins/com.st.stm32cube.ide.mcu.externaltools.gnu-tools-for-stm32.7-2018-q2-update.win32_1.5.0.202011040924/tools/bin/../lib/gcc/arm-none-eabi/7.3.1/thumb/v7-m/crtend.o
LOAD c:/st/stm32cubeide_1.5.0/stm32cubeide/plugins/com.st.stm32cube.ide.mcu.externaltools.gnu-tools-for-stm32.7-2018-q2-update.win32_1.5.0.202011040924/tools/bin/../lib/gcc/arm-none-eabi/7.3.1/thumb/v7-m/crtn.o
                0x0000000020020000                _estack = (ORIGIN (RAM) + LENGTH (RAM))
                0x0000000000000200                _Min_Heap_Size = 0x200
                0x0000000000000400                _Min_Stack_Size = 0x400

.isr_vector     0x0000000008000000      0x184
                0x0000000008000000                . = ALIGN (0x4)
 *(.isr_vector)
 .isr_vector    0x0000000008000000      0x184 Core/Startup/startup_stm32f207zgtx.o
                0x0000000008000000                g_pfnVectors
                0x0000000008000184                . = ALIGN (0x4)

.text           0x0000000008000184     0x781c
                0x0000000008000184                . = ALIGN (0x4)
 *(.text)
 .text          0x0000000008000184       0x40 c:/st/stm32cubeide_1.5.0/stm32cubeide/plugins/com.st.stm32cube.ide.mcu.externaltools.gnu-tools-for-stm32.7-2018-q2-update.win32_1.5.0.202011040924/tools/bin/../lib/gcc/arm-none-eabi/7.3.1/thumb/v7-m/crtbegin.o
 .text          0x00000000080001c4       0x10 c:/st/stm32cubeide_1.5.0/stm32cubeide/plugins/com.st.stm32cube.ide.mcu.externaltools.gnu-tools-for-stm32.7-2018-q2-update.win32_1.5.0.202011040924/tools/bin/../lib/gcc/arm-none-eabi/7.3.1/../../../../arm-none-eabi/lib/thumb/v7-m\libc_nano.a(lib_a-strlen.o)
                0x00000000080001c4                strlen
 .text          0x00000000080001d4       0x30 c:/st/stm32cubeide_1.5.0/stm32cubeide/plugins/com.st.stm32cube.ide.mcu.externaltools.gnu-tools-for-stm32.7-2018-q2-update.win32_1.5.0.202011040924/tools/bin/../lib/gcc/arm-none-eabi/7.3.1/thumb/v7-m\libgcc.a(_aeabi_uldivmod.o)
                0x00000000080001d4                __aeabi_uldivmod
 .text          0x0000000008000204      0x2d0 c:/st/stm32cubeide_1.5.0/stm32cubeide/plugins/com.st.stm32cube.ide.mcu.externaltools.gnu-tools-for-stm32.7-2018-q2-update.win32_1.5.0.202011040924/tools/bin/../lib/gcc/arm-none-eabi/7.3.1/thumb/v7-m\libgcc.a(_udivmoddi4.o)
                0x0000000008000204                __udivmoddi4
 .text          0x00000000080004d4        0x4 c:/st/stm32cubeide_1.5.0/stm32cubeide/plugins/com.st.stm32cube.ide.mcu.externaltools.gnu-tools-for-stm32.7-2018-q2-update.win32_1.5.0.202011040924/tools/bin/../lib/gcc/arm-none-eabi/7.3.1/thumb/v7-m\libgcc.a(_dvmd_tls.o)
                0x00000000080004d4                __aeabi_idiv0
                0x00000000080004d4                __aeabi_ldiv0
 *(.text*)
 .text.MX_GPIO_Init
                0x00000000080004d8      0x1f4 Core/Src/gpio.o
                0x00000000080004d8                MX_GPIO_Init
 .text.HAL_UART_RxCpltCallback
                0x00000000080006cc       0x70 Core/Src/main.o
                0x00000000080006cc                HAL_UART_RxCpltCallback
 .text.__io_putchar
                0x000000000800073c       0x28 Core/Src/main.o
                0x000000000800073c                __io_putchar
 .text.__io_getchar
                0x0000000008000764       0x58 Core/Src/main.o
                0x0000000008000764                __io_getchar
 .text.main     0x00000000080007bc       0x80 Core/Src/main.o
                0x00000000080007bc                main
 .text.SystemClock_Config
                0x000000000800083c       0x8e Core/Src/main.o
                0x000000000800083c                SystemClock_Config
 .text.Error_Handler
                0x00000000080008ca        0x8 Core/Src/main.o
                0x00000000080008ca                Error_Handler
 *fill*         0x00000000080008d2        0x2 
 .text.HAL_MspInit
                0x00000000080008d4       0x4c Core/Src/stm32f2xx_hal_msp.o
                0x00000000080008d4                HAL_MspInit
 .text.NMI_Handler
                0x0000000008000920        0x6 Core/Src/stm32f2xx_it.o
                0x0000000008000920                NMI_Handler
 .text.HardFault_Handler
                0x0000000008000926        0x6 Core/Src/stm32f2xx_it.o
                0x0000000008000926                HardFault_Handler
 .text.MemManage_Handler
                0x000000000800092c        0x6 Core/Src/stm32f2xx_it.o
                0x000000000800092c                MemManage_Handler
 .text.BusFault_Handler
                0x0000000008000932        0x6 Core/Src/stm32f2xx_it.o
                0x0000000008000932                BusFault_Handler
 .text.UsageFault_Handler
                0x0000000008000938        0x6 Core/Src/stm32f2xx_it.o
                0x0000000008000938                UsageFault_Handler
 .text.SVC_Handler
                0x000000000800093e        0xc Core/Src/stm32f2xx_it.o
                0x000000000800093e                SVC_Handler
 .text.DebugMon_Handler
                0x000000000800094a        0xc Core/Src/stm32f2xx_it.o
                0x000000000800094a                DebugMon_Handler
 .text.PendSV_Handler
                0x0000000008000956        0xc Core/Src/stm32f2xx_it.o
                0x0000000008000956                PendSV_Handler
 .text.SysTick_Handler
                0x0000000008000962        0xc Core/Src/stm32f2xx_it.o
                0x0000000008000962                SysTick_Handler
 *fill*         0x000000000800096e        0x2 
 .text.USART3_IRQHandler
                0x0000000008000970       0x14 Core/Src/stm32f2xx_it.o
                0x0000000008000970                USART3_IRQHandler
 .text.EXTI15_10_IRQHandler
                0x0000000008000984       0x10 Core/Src/stm32f2xx_it.o
                0x0000000008000984                EXTI15_10_IRQHandler
 .text.OTG_FS_IRQHandler
                0x0000000008000994       0x14 Core/Src/stm32f2xx_it.o
                0x0000000008000994                OTG_FS_IRQHandler
 .text._read    0x00000000080009a8       0x3a Core/Src/syscalls.o
                0x00000000080009a8                _read
 .text._write   0x00000000080009e2       0x38 Core/Src/syscalls.o
                0x00000000080009e2                _write
 .text._close   0x0000000008000a1a       0x16 Core/Src/syscalls.o
                0x0000000008000a1a                _close
 .text._fstat   0x0000000008000a30       0x1e Core/Src/syscalls.o
                0x0000000008000a30                _fstat
 .text._isatty  0x0000000008000a4e       0x14 Core/Src/syscalls.o
                0x0000000008000a4e                _isatty
 .text._lseek   0x0000000008000a62       0x18 Core/Src/syscalls.o
                0x0000000008000a62                _lseek
 *fill*         0x0000000008000a7a        0x2 
 .text._sbrk    0x0000000008000a7c       0x6c Core/Src/sysmem.o
                0x0000000008000a7c                _sbrk
 .text.SystemInit
                0x0000000008000ae8        0xc Core/Src/system_stm32f2xx.o
                0x0000000008000ae8                SystemInit
 .text.MX_USART3_UART_Init
                0x0000000008000af4       0x54 Core/Src/usart.o
                0x0000000008000af4                MX_USART3_UART_Init
 .text.HAL_UART_MspInit
                0x0000000008000b48       0xa0 Core/Src/usart.o
                0x0000000008000b48                HAL_UART_MspInit
 .text.Reset_Handler
                0x0000000008000be8       0x50 Core/Startup/startup_stm32f207zgtx.o
                0x0000000008000be8                Reset_Handler
 .text.Default_Handler
                0x0000000008000c38        0x2 Core/Startup/startup_stm32f207zgtx.o
                0x0000000008000c38                RTC_Alarm_IRQHandler
                0x0000000008000c38                HASH_RNG_IRQHandler
                0x0000000008000c38                EXTI2_IRQHandler
                0x0000000008000c38                TIM8_CC_IRQHandler
                0x0000000008000c38                TIM1_CC_IRQHandler
                0x0000000008000c38                DMA2_Stream5_IRQHandler
                0x0000000008000c38                DMA1_Stream5_IRQHandler
                0x0000000008000c38                PVD_IRQHandler
                0x0000000008000c38                SDIO_IRQHandler
                0x0000000008000c38                TAMP_STAMP_IRQHandler
                0x0000000008000c38                CAN2_RX1_IRQHandler
                0x0000000008000c38                EXTI3_IRQHandler
                0x0000000008000c38                TIM8_TRG_COM_TIM14_IRQHandler
                0x0000000008000c38                TIM1_UP_TIM10_IRQHandler
                0x0000000008000c38                TIM8_UP_TIM13_IRQHandler
                0x0000000008000c38                I2C3_ER_IRQHandler
                0x0000000008000c38                EXTI0_IRQHandler
                0x0000000008000c38                I2C2_EV_IRQHandler
                0x0000000008000c38                DMA1_Stream2_IRQHandler
                0x0000000008000c38                CAN1_RX0_IRQHandler
                0x0000000008000c38                OTG_HS_WKUP_IRQHandler
                0x0000000008000c38                CAN2_SCE_IRQHandler
                0x0000000008000c38                DMA2_Stream2_IRQHandler
                0x0000000008000c38                SPI1_IRQHandler
                0x0000000008000c38                TIM6_DAC_IRQHandler
                0x0000000008000c38                TIM1_BRK_TIM9_IRQHandler
                0x0000000008000c38                DCMI_IRQHandler
                0x0000000008000c38                CAN2_RX0_IRQHandler
                0x0000000008000c38                DMA2_Stream3_IRQHandler
                0x0000000008000c38                USART6_IRQHandler
                0x0000000008000c38                CAN1_RX1_IRQHandler
                0x0000000008000c38                UART5_IRQHandler
                0x0000000008000c38                DMA2_Stream0_IRQHandler
                0x0000000008000c38                TIM4_IRQHandler
                0x0000000008000c38                I2C1_EV_IRQHandler
                0x0000000008000c38                DMA1_Stream6_IRQHandler
                0x0000000008000c38                DMA1_Stream1_IRQHandler
                0x0000000008000c38                UART4_IRQHandler
                0x0000000008000c38                TIM3_IRQHandler
                0x0000000008000c38                RCC_IRQHandler
                0x0000000008000c38                TIM8_BRK_TIM12_IRQHandler
                0x0000000008000c38                Default_Handler
                0x0000000008000c38                ADC_IRQHandler
                0x0000000008000c38                DMA1_Stream7_IRQHandler
                0x0000000008000c38                TIM7_IRQHandler
                0x0000000008000c38                CAN2_TX_IRQHandler
                0x0000000008000c38                TIM5_IRQHandler
                0x0000000008000c38                DMA2_Stream7_IRQHandler
                0x0000000008000c38                I2C3_EV_IRQHandler
                0x0000000008000c38                EXTI9_5_IRQHandler
                0x0000000008000c38                RTC_WKUP_IRQHandler
                0x0000000008000c38                ETH_WKUP_IRQHandler
                0x0000000008000c38                SPI2_IRQHandler
                0x0000000008000c38                OTG_HS_EP1_IN_IRQHandler
                0x0000000008000c38                DMA1_Stream0_IRQHandler
                0x0000000008000c38                CAN1_TX_IRQHandler
                0x0000000008000c38                EXTI4_IRQHandler
                0x0000000008000c38                FSMC_IRQHandler
                0x0000000008000c38                ETH_IRQHandler
                0x0000000008000c38                OTG_HS_EP1_OUT_IRQHandler
                0x0000000008000c38                WWDG_IRQHandler
                0x0000000008000c38                TIM2_IRQHandler
                0x0000000008000c38                OTG_FS_WKUP_IRQHandler
                0x0000000008000c38                TIM1_TRG_COM_TIM11_IRQHandler
                0x0000000008000c38                OTG_HS_IRQHandler
                0x0000000008000c38                EXTI1_IRQHandler
                0x0000000008000c38                USART2_IRQHandler
                0x0000000008000c38                I2C2_ER_IRQHandler
                0x0000000008000c38                DMA2_Stream1_IRQHandler
                0x0000000008000c38                CAN1_SCE_IRQHandler
                0x0000000008000c38                FLASH_IRQHandler
                0x0000000008000c38                DMA2_Stream4_IRQHandler
                0x0000000008000c38                USART1_IRQHandler
                0x0000000008000c38                SPI3_IRQHandler
                0x0000000008000c38                DMA1_Stream4_IRQHandler
                0x0000000008000c38                I2C1_ER_IRQHandler
                0x0000000008000c38                DMA2_Stream6_IRQHandler
                0x0000000008000c38                DMA1_Stream3_IRQHandler
 *fill*         0x0000000008000c3a        0x2 
 .text.HAL_Init
                0x0000000008000c3c       0x44 Drivers/STM32F2xx_HAL_Driver/Src/stm32f2xx_hal.o
                0x0000000008000c3c                HAL_Init
 .text.HAL_InitTick
                0x0000000008000c80       0x60 Drivers/STM32F2xx_HAL_Driver/Src/stm32f2xx_hal.o
                0x0000000008000c80                HAL_InitTick
 .text.HAL_IncTick
                0x0000000008000ce0       0x24 Drivers/STM32F2xx_HAL_Driver/Src/stm32f2xx_hal.o
                0x0000000008000ce0                HAL_IncTick
 .text.HAL_GetTick
                0x0000000008000d04       0x14 Drivers/STM32F2xx_HAL_Driver/Src/stm32f2xx_hal.o
                0x0000000008000d04                HAL_GetTick
 .text.HAL_Delay
                0x0000000008000d18       0x44 Drivers/STM32F2xx_HAL_Driver/Src/stm32f2xx_hal.o
                0x0000000008000d18                HAL_Delay
 .text.__NVIC_SetPriorityGrouping
                0x0000000008000d5c       0x48 Drivers/STM32F2xx_HAL_Driver/Src/stm32f2xx_hal_cortex.o
 .text.__NVIC_GetPriorityGrouping
                0x0000000008000da4       0x1c Drivers/STM32F2xx_HAL_Driver/Src/stm32f2xx_hal_cortex.o
 .text.__NVIC_EnableIRQ
                0x0000000008000dc0       0x38 Drivers/STM32F2xx_HAL_Driver/Src/stm32f2xx_hal_cortex.o
 .text.__NVIC_SetPriority
                0x0000000008000df8       0x54 Drivers/STM32F2xx_HAL_Driver/Src/stm32f2xx_hal_cortex.o
 .text.NVIC_EncodePriority
                0x0000000008000e4c       0x64 Drivers/STM32F2xx_HAL_Driver/Src/stm32f2xx_hal_cortex.o
 .text.SysTick_Config
                0x0000000008000eb0       0x44 Drivers/STM32F2xx_HAL_Driver/Src/stm32f2xx_hal_cortex.o
 .text.HAL_NVIC_SetPriorityGrouping
                0x0000000008000ef4       0x16 Drivers/STM32F2xx_HAL_Driver/Src/stm32f2xx_hal_cortex.o
                0x0000000008000ef4                HAL_NVIC_SetPriorityGrouping
 .text.HAL_NVIC_SetPriority
                0x0000000008000f0a       0x38 Drivers/STM32F2xx_HAL_Driver/Src/stm32f2xx_hal_cortex.o
                0x0000000008000f0a                HAL_NVIC_SetPriority
 .text.HAL_NVIC_EnableIRQ
                0x0000000008000f42       0x1c Drivers/STM32F2xx_HAL_Driver/Src/stm32f2xx_hal_cortex.o
                0x0000000008000f42                HAL_NVIC_EnableIRQ
 .text.HAL_SYSTICK_Config
                0x0000000008000f5e       0x18 Drivers/STM32F2xx_HAL_Driver/Src/stm32f2xx_hal_cortex.o
                0x0000000008000f5e                HAL_SYSTICK_Config
 .text.HAL_DMA_Abort_IT
                0x0000000008000f76       0x42 Drivers/STM32F2xx_HAL_Driver/Src/stm32f2xx_hal_dma.o
                0x0000000008000f76                HAL_DMA_Abort_IT
 .text.HAL_GPIO_Init
                0x0000000008000fb8      0x33c Drivers/STM32F2xx_HAL_Driver/Src/stm32f2xx_hal_gpio.o
                0x0000000008000fb8                HAL_GPIO_Init
 .text.HAL_GPIO_WritePin
                0x00000000080012f4       0x30 Drivers/STM32F2xx_HAL_Driver/Src/stm32f2xx_hal_gpio.o
                0x00000000080012f4                HAL_GPIO_WritePin
 .text.HAL_GPIO_EXTI_IRQHandler
                0x0000000008001324       0x30 Drivers/STM32F2xx_HAL_Driver/Src/stm32f2xx_hal_gpio.o
                0x0000000008001324                HAL_GPIO_EXTI_IRQHandler
 .text.HAL_GPIO_EXTI_Callback
                0x0000000008001354       0x14 Drivers/STM32F2xx_HAL_Driver/Src/stm32f2xx_hal_gpio.o
                0x0000000008001354                HAL_GPIO_EXTI_Callback
 .text.HAL_PCD_Init
                0x0000000008001368      0x23a Drivers/STM32F2xx_HAL_Driver/Src/stm32f2xx_hal_pcd.o
                0x0000000008001368                HAL_PCD_Init
 .text.HAL_PCD_Start
                0x00000000080015a2       0x44 Drivers/STM32F2xx_HAL_Driver/Src/stm32f2xx_hal_pcd.o
                0x00000000080015a2                HAL_PCD_Start
 .text.HAL_PCD_IRQHandler
                0x00000000080015e6      0x748 Drivers/STM32F2xx_HAL_Driver/Src/stm32f2xx_hal_pcd.o
                0x00000000080015e6                HAL_PCD_IRQHandler
 .text.HAL_PCD_SetAddress
                0x0000000008001d2e       0x4a Drivers/STM32F2xx_HAL_Driver/Src/stm32f2xx_hal_pcd.o
                0x0000000008001d2e                HAL_PCD_SetAddress
 .text.HAL_PCD_EP_Open
                0x0000000008001d78       0xd0 Drivers/STM32F2xx_HAL_Driver/Src/stm32f2xx_hal_pcd.o
                0x0000000008001d78                HAL_PCD_EP_Open
 .text.HAL_PCD_EP_Close
                0x0000000008001e48       0x94 Drivers/STM32F2xx_HAL_Driver/Src/stm32f2xx_hal_pcd.o
                0x0000000008001e48                HAL_PCD_EP_Close
 .text.HAL_PCD_EP_Receive
                0x0000000008001edc       0x96 Drivers/STM32F2xx_HAL_Driver/Src/stm32f2xx_hal_pcd.o
                0x0000000008001edc                HAL_PCD_EP_Receive
 .text.HAL_PCD_EP_GetRxCount
                0x0000000008001f72       0x2e Drivers/STM32F2xx_HAL_Driver/Src/stm32f2xx_hal_pcd.o
                0x0000000008001f72                HAL_PCD_EP_GetRxCount
 .text.HAL_PCD_EP_Transmit
                0x0000000008001fa0       0x94 Drivers/STM32F2xx_HAL_Driver/Src/stm32f2xx_hal_pcd.o
                0x0000000008001fa0                HAL_PCD_EP_Transmit
 .text.HAL_PCD_EP_SetStall
                0x0000000008002034       0xc8 Drivers/STM32F2xx_HAL_Driver/Src/stm32f2xx_hal_pcd.o
                0x0000000008002034                HAL_PCD_EP_SetStall
 .text.HAL_PCD_EP_ClrStall
                0x00000000080020fc       0xac Drivers/STM32F2xx_HAL_Driver/Src/stm32f2xx_hal_pcd.o
                0x00000000080020fc                HAL_PCD_EP_ClrStall
 .text.PCD_WriteEmptyTxFifo
                0x00000000080021a8      0x11a Drivers/STM32F2xx_HAL_Driver/Src/stm32f2xx_hal_pcd.o
 *fill*         0x00000000080022c2        0x2 
 .text.PCD_EP_OutXfrComplete_int
                0x00000000080022c4      0x218 Drivers/STM32F2xx_HAL_Driver/Src/stm32f2xx_hal_pcd.o
 .text.PCD_EP_OutSetupPacket_int
                0x00000000080024dc       0x8c Drivers/STM32F2xx_HAL_Driver/Src/stm32f2xx_hal_pcd.o
 .text.HAL_PCDEx_SetTxFiFo
                0x0000000008002568       0x8c Drivers/STM32F2xx_HAL_Driver/Src/stm32f2xx_hal_pcd_ex.o
                0x0000000008002568                HAL_PCDEx_SetTxFiFo
 .text.HAL_PCDEx_SetRxFiFo
                0x00000000080025f4       0x20 Drivers/STM32F2xx_HAL_Driver/Src/stm32f2xx_hal_pcd_ex.o
                0x00000000080025f4                HAL_PCDEx_SetRxFiFo
 .text.HAL_RCC_OscConfig
                0x0000000008002614      0x4a0 Drivers/STM32F2xx_HAL_Driver/Src/stm32f2xx_hal_rcc.o
                0x0000000008002614                HAL_RCC_OscConfig
 .text.HAL_RCC_ClockConfig
                0x0000000008002ab4      0x1d8 Drivers/STM32F2xx_HAL_Driver/Src/stm32f2xx_hal_rcc.o
                0x0000000008002ab4                HAL_RCC_ClockConfig
 .text.HAL_RCC_GetSysClockFreq
                0x0000000008002c8c      0x1b0 Drivers/STM32F2xx_HAL_Driver/Src/stm32f2xx_hal_rcc.o
                0x0000000008002c8c                HAL_RCC_GetSysClockFreq
 .text.HAL_RCC_GetHCLKFreq
                0x0000000008002e3c       0x14 Drivers/STM32F2xx_HAL_Driver/Src/stm32f2xx_hal_rcc.o
                0x0000000008002e3c                HAL_RCC_GetHCLKFreq
 .text.HAL_RCC_GetPCLK1Freq
                0x0000000008002e50       0x44 Drivers/STM32F2xx_HAL_Driver/Src/stm32f2xx_hal_rcc.o
                0x0000000008002e50                HAL_RCC_GetPCLK1Freq
 .text.HAL_RCC_GetPCLK2Freq
                0x0000000008002e94       0x44 Drivers/STM32F2xx_HAL_Driver/Src/stm32f2xx_hal_rcc.o
                0x0000000008002e94                HAL_RCC_GetPCLK2Freq
 .text.HAL_UART_Init
                0x0000000008002ed8       0x9a Drivers/STM32F2xx_HAL_Driver/Src/stm32f2xx_hal_uart.o
                0x0000000008002ed8                HAL_UART_Init
 .text.HAL_UART_Transmit
                0x0000000008002f72      0x124 Drivers/STM32F2xx_HAL_Driver/Src/stm32f2xx_hal_uart.o
                0x0000000008002f72                HAL_UART_Transmit
 .text.HAL_UART_Receive_IT
                0x0000000008003096       0xa8 Drivers/STM32F2xx_HAL_Driver/Src/stm32f2xx_hal_uart.o
                0x0000000008003096                HAL_UART_Receive_IT
 *fill*         0x000000000800313e        0x2 
 .text.HAL_UART_IRQHandler
                0x0000000008003140      0x200 Drivers/STM32F2xx_HAL_Driver/Src/stm32f2xx_hal_uart.o
                0x0000000008003140                HAL_UART_IRQHandler
 .text.HAL_UART_TxCpltCallback
                0x0000000008003340       0x12 Drivers/STM32F2xx_HAL_Driver/Src/stm32f2xx_hal_uart.o
                0x0000000008003340                HAL_UART_TxCpltCallback
 .text.HAL_UART_ErrorCallback
                0x0000000008003352       0x12 Drivers/STM32F2xx_HAL_Driver/Src/stm32f2xx_hal_uart.o
                0x0000000008003352                HAL_UART_ErrorCallback
 .text.UART_WaitOnFlagUntilTimeout
                0x0000000008003364       0x94 Drivers/STM32F2xx_HAL_Driver/Src/stm32f2xx_hal_uart.o
 .text.UART_EndRxTransfer
                0x00000000080033f8       0x3a Drivers/STM32F2xx_HAL_Driver/Src/stm32f2xx_hal_uart.o
 .text.UART_DMAAbortOnError
                0x0000000008003432       0x28 Drivers/STM32F2xx_HAL_Driver/Src/stm32f2xx_hal_uart.o
 .text.UART_Transmit_IT
                0x000000000800345a       0x9e Drivers/STM32F2xx_HAL_Driver/Src/stm32f2xx_hal_uart.o
 .text.UART_EndTransmit_IT
                0x00000000080034f8       0x30 Drivers/STM32F2xx_HAL_Driver/Src/stm32f2xx_hal_uart.o
 .text.UART_Receive_IT
                0x0000000008003528      0x100 Drivers/STM32F2xx_HAL_Driver/Src/stm32f2xx_hal_uart.o
 .text.UART_SetConfig
                0x0000000008003628      0x1d4 Drivers/STM32F2xx_HAL_Driver/Src/stm32f2xx_hal_uart.o
 .text.USB_CoreInit
                0x00000000080037fc       0xae Drivers/STM32F2xx_HAL_Driver/Src/stm32f2xx_ll_usb.o
                0x00000000080037fc                USB_CoreInit
 *fill*         0x00000000080038aa        0x2 
 .text.USB_SetTurnaroundTime
                0x00000000080038ac      0x144 Drivers/STM32F2xx_HAL_Driver/Src/stm32f2xx_ll_usb.o
                0x00000000080038ac                USB_SetTurnaroundTime
 .text.USB_EnableGlobalInt
                0x00000000080039f0       0x20 Drivers/STM32F2xx_HAL_Driver/Src/stm32f2xx_ll_usb.o
                0x00000000080039f0                USB_EnableGlobalInt
 .text.USB_DisableGlobalInt
                0x0000000008003a10       0x20 Drivers/STM32F2xx_HAL_Driver/Src/stm32f2xx_ll_usb.o
                0x0000000008003a10                USB_DisableGlobalInt
 .text.USB_SetCurrentMode
                0x0000000008003a30       0x54 Drivers/STM32F2xx_HAL_Driver/Src/stm32f2xx_ll_usb.o
                0x0000000008003a30                USB_SetCurrentMode
 .text.USB_DevInit
                0x0000000008003a84      0x2c8 Drivers/STM32F2xx_HAL_Driver/Src/stm32f2xx_ll_usb.o
                0x0000000008003a84                USB_DevInit
 .text.USB_FlushTxFifo
                0x0000000008003d4c       0x48 Drivers/STM32F2xx_HAL_Driver/Src/stm32f2xx_ll_usb.o
                0x0000000008003d4c                USB_FlushTxFifo
 .text.USB_FlushRxFifo
                0x0000000008003d94       0x40 Drivers/STM32F2xx_HAL_Driver/Src/stm32f2xx_ll_usb.o
                0x0000000008003d94                USB_FlushRxFifo
 .text.USB_SetDevSpeed
                0x0000000008003dd4       0x30 Drivers/STM32F2xx_HAL_Driver/Src/stm32f2xx_ll_usb.o
                0x0000000008003dd4                USB_SetDevSpeed
 .text.USB_GetDevSpeed
                0x0000000008003e04       0x48 Drivers/STM32F2xx_HAL_Driver/Src/stm32f2xx_ll_usb.o
                0x0000000008003e04                USB_GetDevSpeed
 .text.USB_ActivateEndpoint
                0x0000000008003e4c      0x10c Drivers/STM32F2xx_HAL_Driver/Src/stm32f2xx_ll_usb.o
                0x0000000008003e4c                USB_ActivateEndpoint
 .text.USB_DeactivateEndpoint
                0x0000000008003f58      0x1b8 Drivers/STM32F2xx_HAL_Driver/Src/stm32f2xx_ll_usb.o
                0x0000000008003f58                USB_DeactivateEndpoint
 .text.USB_EPStartXfer
                0x0000000008004110      0x488 Drivers/STM32F2xx_HAL_Driver/Src/stm32f2xx_ll_usb.o
                0x0000000008004110                USB_EPStartXfer
 .text.USB_EP0StartXfer
                0x0000000008004598      0x2a4 Drivers/STM32F2xx_HAL_Driver/Src/stm32f2xx_ll_usb.o
                0x0000000008004598                USB_EP0StartXfer
 .text.USB_WritePacket
                0x000000000800483c       0x68 Drivers/STM32F2xx_HAL_Driver/Src/stm32f2xx_ll_usb.o
                0x000000000800483c                USB_WritePacket
 .text.USB_ReadPacket
                0x00000000080048a4       0x50 Drivers/STM32F2xx_HAL_Driver/Src/stm32f2xx_ll_usb.o
                0x00000000080048a4                USB_ReadPacket
 .text.USB_EPSetStall
                0x00000000080048f4       0xda Drivers/STM32F2xx_HAL_Driver/Src/stm32f2xx_ll_usb.o
                0x00000000080048f4                USB_EPSetStall
 .text.USB_EPClearStall
                0x00000000080049ce       0xca Drivers/STM32F2xx_HAL_Driver/Src/stm32f2xx_ll_usb.o
                0x00000000080049ce                USB_EPClearStall
 .text.USB_SetDevAddress
                0x0000000008004a98       0x4a Drivers/STM32F2xx_HAL_Driver/Src/stm32f2xx_ll_usb.o
                0x0000000008004a98                USB_SetDevAddress
 .text.USB_DevConnect
                0x0000000008004ae2       0x40 Drivers/STM32F2xx_HAL_Driver/Src/stm32f2xx_ll_usb.o
                0x0000000008004ae2                USB_DevConnect
 .text.USB_DevDisconnect
                0x0000000008004b22       0x40 Drivers/STM32F2xx_HAL_Driver/Src/stm32f2xx_ll_usb.o
                0x0000000008004b22                USB_DevDisconnect
 .text.USB_ReadInterrupts
                0x0000000008004b62       0x24 Drivers/STM32F2xx_HAL_Driver/Src/stm32f2xx_ll_usb.o
                0x0000000008004b62                USB_ReadInterrupts
 .text.USB_ReadDevAllOutEpInterrupt
                0x0000000008004b86       0x32 Drivers/STM32F2xx_HAL_Driver/Src/stm32f2xx_ll_usb.o
                0x0000000008004b86                USB_ReadDevAllOutEpInterrupt
 .text.USB_ReadDevAllInEpInterrupt
                0x0000000008004bb8       0x32 Drivers/STM32F2xx_HAL_Driver/Src/stm32f2xx_ll_usb.o
                0x0000000008004bb8                USB_ReadDevAllInEpInterrupt
 .text.USB_ReadDevOutEPInterrupt
                0x0000000008004bea       0x3a Drivers/STM32F2xx_HAL_Driver/Src/stm32f2xx_ll_usb.o
                0x0000000008004bea                USB_ReadDevOutEPInterrupt
 .text.USB_ReadDevInEPInterrupt
                0x0000000008004c24       0x5a Drivers/STM32F2xx_HAL_Driver/Src/stm32f2xx_ll_usb.o
                0x0000000008004c24                USB_ReadDevInEPInterrupt
 .text.USB_GetMode
                0x0000000008004c7e       0x1a Drivers/STM32F2xx_HAL_Driver/Src/stm32f2xx_ll_usb.o
                0x0000000008004c7e                USB_GetMode
 .text.USB_ActivateSetup
                0x0000000008004c98       0x44 Drivers/STM32F2xx_HAL_Driver/Src/stm32f2xx_ll_usb.o
                0x0000000008004c98                USB_ActivateSetup
 .text.USB_EP0_OutStart
                0x0000000008004cdc       0xb8 Drivers/STM32F2xx_HAL_Driver/Src/stm32f2xx_ll_usb.o
                0x0000000008004cdc                USB_EP0_OutStart
 .text.USB_CoreReset
                0x0000000008004d94       0x64 Drivers/STM32F2xx_HAL_Driver/Src/stm32f2xx_ll_usb.o
 .text.USBD_CDC_Init
                0x0000000008004df8       0xf6 Middlewares/ST/STM32_USB_Device_Library/Class/CDC/Src/usbd_cdc.o
 .text.USBD_CDC_DeInit
                0x0000000008004eee       0x6e Middlewares/ST/STM32_USB_Device_Library/Class/CDC/Src/usbd_cdc.o
 .text.USBD_CDC_Setup
                0x0000000008004f5c      0x140 Middlewares/ST/STM32_USB_Device_Library/Class/CDC/Src/usbd_cdc.o
 .text.USBD_CDC_DataIn
                0x000000000800509c       0xa6 Middlewares/ST/STM32_USB_Device_Library/Class/CDC/Src/usbd_cdc.o
 .text.USBD_CDC_DataOut
                0x0000000008005142       0x56 Middlewares/ST/STM32_USB_Device_Library/Class/CDC/Src/usbd_cdc.o
 .text.USBD_CDC_EP0_RxReady
                0x0000000008005198       0x50 Middlewares/ST/STM32_USB_Device_Library/Class/CDC/Src/usbd_cdc.o
 .text.USBD_CDC_GetFSCfgDesc
                0x00000000080051e8       0x20 Middlewares/ST/STM32_USB_Device_Library/Class/CDC/Src/usbd_cdc.o
 .text.USBD_CDC_GetHSCfgDesc
                0x0000000008005208       0x20 Middlewares/ST/STM32_USB_Device_Library/Class/CDC/Src/usbd_cdc.o
 .text.USBD_CDC_GetOtherSpeedCfgDesc
                0x0000000008005228       0x20 Middlewares/ST/STM32_USB_Device_Library/Class/CDC/Src/usbd_cdc.o
 .text.USBD_CDC_GetDeviceQualifierDescriptor
                0x0000000008005248       0x20 Middlewares/ST/STM32_USB_Device_Library/Class/CDC/Src/usbd_cdc.o
                0x0000000008005248                USBD_CDC_GetDeviceQualifierDescriptor
 .text.USBD_CDC_RegisterInterface
                0x0000000008005268       0x2c Middlewares/ST/STM32_USB_Device_Library/Class/CDC/Src/usbd_cdc.o
                0x0000000008005268                USBD_CDC_RegisterInterface
 .text.USBD_CDC_SetTxBuffer
                0x0000000008005294       0x32 Middlewares/ST/STM32_USB_Device_Library/Class/CDC/Src/usbd_cdc.o
                0x0000000008005294                USBD_CDC_SetTxBuffer
 .text.USBD_CDC_SetRxBuffer
                0x00000000080052c6       0x26 Middlewares/ST/STM32_USB_Device_Library/Class/CDC/Src/usbd_cdc.o
                0x00000000080052c6                USBD_CDC_SetRxBuffer
 .text.USBD_CDC_TransmitPacket
                0x00000000080052ec       0x5e Middlewares/ST/STM32_USB_Device_Library/Class/CDC/Src/usbd_cdc.o
                0x00000000080052ec                USBD_CDC_TransmitPacket
 .text.USBD_CDC_ReceivePacket
                0x000000000800534a       0x54 Middlewares/ST/STM32_USB_Device_Library/Class/CDC/Src/usbd_cdc.o
                0x000000000800534a                USBD_CDC_ReceivePacket
 .text.USBD_Init
                0x000000000800539e       0x56 Middlewares/ST/STM32_USB_Device_Library/Core/Src/usbd_core.o
                0x000000000800539e                USBD_Init
 .text.USBD_RegisterClass
                0x00000000080053f4       0x32 Middlewares/ST/STM32_USB_Device_Library/Core/Src/usbd_core.o
                0x00000000080053f4                USBD_RegisterClass
 .text.USBD_Start
                0x0000000008005426       0x18 Middlewares/ST/STM32_USB_Device_Library/Core/Src/usbd_core.o
                0x0000000008005426                USBD_Start
 .text.USBD_RunTestMode
                0x000000000800543e       0x14 Middlewares/ST/STM32_USB_Device_Library/Core/Src/usbd_core.o
                0x000000000800543e                USBD_RunTestMode
 .text.USBD_SetClassConfig
                0x0000000008005452       0x3e Middlewares/ST/STM32_USB_Device_Library/Core/Src/usbd_core.o
                0x0000000008005452                USBD_SetClassConfig
 .text.USBD_ClrClassConfig
                0x0000000008005490       0x26 Middlewares/ST/STM32_USB_Device_Library/Core/Src/usbd_core.o
                0x0000000008005490                USBD_ClrClassConfig
 .text.USBD_LL_SetupStage
                0x00000000080054b6       0x96 Middlewares/ST/STM32_USB_Device_Library/Core/Src/usbd_core.o
                0x00000000080054b6                USBD_LL_SetupStage
 .text.USBD_LL_DataOutStage
                0x000000000800554c       0xe2 Middlewares/ST/STM32_USB_Device_Library/Core/Src/usbd_core.o
                0x000000000800554c                USBD_LL_DataOutStage
 .text.USBD_LL_DataInStage
                0x000000000800562e      0x14a Middlewares/ST/STM32_USB_Device_Library/Core/Src/usbd_core.o
                0x000000000800562e                USBD_LL_DataInStage
 .text.USBD_LL_Reset
                0x0000000008005778       0x82 Middlewares/ST/STM32_USB_Device_Library/Core/Src/usbd_core.o
                0x0000000008005778                USBD_LL_Reset
 .text.USBD_LL_SetSpeed
                0x00000000080057fa       0x1e Middlewares/ST/STM32_USB_Device_Library/Core/Src/usbd_core.o
                0x00000000080057fa                USBD_LL_SetSpeed
 .text.USBD_LL_Suspend
                0x0000000008005818       0x28 Middlewares/ST/STM32_USB_Device_Library/Core/Src/usbd_core.o
                0x0000000008005818                USBD_LL_Suspend
 .text.USBD_LL_Resume
                0x0000000008005840       0x2a Middlewares/ST/STM32_USB_Device_Library/Core/Src/usbd_core.o
                0x0000000008005840                USBD_LL_Resume
 .text.USBD_LL_SOF
                0x000000000800586a       0x34 Middlewares/ST/STM32_USB_Device_Library/Core/Src/usbd_core.o
                0x000000000800586a                USBD_LL_SOF
 .text.USBD_LL_IsoINIncomplete
                0x000000000800589e       0x18 Middlewares/ST/STM32_USB_Device_Library/Core/Src/usbd_core.o
                0x000000000800589e                USBD_LL_IsoINIncomplete
 .text.USBD_LL_IsoOUTIncomplete
                0x00000000080058b6       0x18 Middlewares/ST/STM32_USB_Device_Library/Core/Src/usbd_core.o
                0x00000000080058b6                USBD_LL_IsoOUTIncomplete
 .text.USBD_LL_DevConnected
                0x00000000080058ce       0x14 Middlewares/ST/STM32_USB_Device_Library/Core/Src/usbd_core.o
                0x00000000080058ce                USBD_LL_DevConnected
 .text.USBD_LL_DevDisconnected
                0x00000000080058e2       0x2e Middlewares/ST/STM32_USB_Device_Library/Core/Src/usbd_core.o
                0x00000000080058e2                USBD_LL_DevDisconnected
 .text.USBD_StdDevReq
                0x0000000008005910       0xd4 Middlewares/ST/STM32_USB_Device_Library/Core/Src/usbd_ctlreq.o
                0x0000000008005910                USBD_StdDevReq
 .text.USBD_StdItfReq
                0x00000000080059e4       0x8c Middlewares/ST/STM32_USB_Device_Library/Core/Src/usbd_ctlreq.o
                0x00000000080059e4                USBD_StdItfReq
 .text.USBD_StdEPReq
                0x0000000008005a70      0x2ba Middlewares/ST/STM32_USB_Device_Library/Core/Src/usbd_ctlreq.o
                0x0000000008005a70                USBD_StdEPReq
 *fill*         0x0000000008005d2a        0x2 
 .text.USBD_GetDescriptor
                0x0000000008005d2c      0x2d0 Middlewares/ST/STM32_USB_Device_Library/Core/Src/usbd_ctlreq.o
 .text.USBD_SetAddress
                0x0000000008005ffc       0x84 Middlewares/ST/STM32_USB_Device_Library/Core/Src/usbd_ctlreq.o
 .text.USBD_SetConfig
                0x0000000008006080      0x11c Middlewares/ST/STM32_USB_Device_Library/Core/Src/usbd_ctlreq.o
 .text.USBD_GetConfig
                0x000000000800619c       0x68 Middlewares/ST/STM32_USB_Device_Library/Core/Src/usbd_ctlreq.o
 .text.USBD_GetStatus
                0x0000000008006204       0x66 Middlewares/ST/STM32_USB_Device_Library/Core/Src/usbd_ctlreq.o
 .text.USBD_SetFeature
                0x000000000800626a       0x28 Middlewares/ST/STM32_USB_Device_Library/Core/Src/usbd_ctlreq.o
 .text.USBD_ClrFeature
                0x0000000008006292       0x42 Middlewares/ST/STM32_USB_Device_Library/Core/Src/usbd_ctlreq.o
 .text.USBD_ParseSetupRequest
                0x00000000080062d4       0x78 Middlewares/ST/STM32_USB_Device_Library/Core/Src/usbd_ctlreq.o
                0x00000000080062d4                USBD_ParseSetupRequest
 .text.USBD_CtlError
                0x000000000800634c       0x22 Middlewares/ST/STM32_USB_Device_Library/Core/Src/usbd_ctlreq.o
                0x000000000800634c                USBD_CtlError
 .text.USBD_GetString
                0x000000000800636e       0x84 Middlewares/ST/STM32_USB_Device_Library/Core/Src/usbd_ctlreq.o
                0x000000000800636e                USBD_GetString
 .text.USBD_GetLen
                0x00000000080063f2       0x2e Middlewares/ST/STM32_USB_Device_Library/Core/Src/usbd_ctlreq.o
 .text.USBD_CtlSendData
                0x0000000008006420       0x38 Middlewares/ST/STM32_USB_Device_Library/Core/Src/usbd_ioreq.o
                0x0000000008006420                USBD_CtlSendData
 .text.USBD_CtlContinueSendData
                0x0000000008006458       0x24 Middlewares/ST/STM32_USB_Device_Library/Core/Src/usbd_ioreq.o
                0x0000000008006458                USBD_CtlContinueSendData
 .text.USBD_CtlPrepareRx
                0x000000000800647c       0x3c Middlewares/ST/STM32_USB_Device_Library/Core/Src/usbd_ioreq.o
                0x000000000800647c                USBD_CtlPrepareRx
 .text.USBD_CtlContinueRx
                0x00000000080064b8       0x24 Middlewares/ST/STM32_USB_Device_Library/Core/Src/usbd_ioreq.o
                0x00000000080064b8                USBD_CtlContinueRx
 .text.USBD_CtlSendStatus
                0x00000000080064dc       0x26 Middlewares/ST/STM32_USB_Device_Library/Core/Src/usbd_ioreq.o
                0x00000000080064dc                USBD_CtlSendStatus
 .text.USBD_CtlReceiveStatus
                0x0000000008006502       0x26 Middlewares/ST/STM32_USB_Device_Library/Core/Src/usbd_ioreq.o
                0x0000000008006502                USBD_CtlReceiveStatus
 .text.usb_check_buffer
                0x0000000008006528       0x54 USB_DEVICE/App/usb_device.o
                0x0000000008006528                usb_check_buffer
 .text.usb_get_byte
                0x000000000800657c       0x34 USB_DEVICE/App/usb_device.o
                0x000000000800657c                usb_get_byte
 .text.usb_receive_data
                0x00000000080065b0       0x58 USB_DEVICE/App/usb_device.o
                0x00000000080065b0                usb_receive_data
 .text.MX_USB_DEVICE_Init
                0x0000000008006608       0x60 USB_DEVICE/App/usb_device.o
                0x0000000008006608                MX_USB_DEVICE_Init
 .text.CDC_Init_FS
                0x0000000008006668       0x28 USB_DEVICE/App/usbd_cdc_if.o
 .text.CDC_DeInit_FS
                0x0000000008006690        0xe USB_DEVICE/App/usbd_cdc_if.o
 *fill*         0x000000000800669e        0x2 
 .text.CDC_Control_FS
                0x00000000080066a0       0xe4 USB_DEVICE/App/usbd_cdc_if.o
 .text.CDC_Receive_FS
                0x0000000008006784       0x34 USB_DEVICE/App/usbd_cdc_if.o
 .text.CDC_Transmit_FS
                0x00000000080067b8       0x4c USB_DEVICE/App/usbd_cdc_if.o
                0x00000000080067b8                CDC_Transmit_FS
 .text.USBD_FS_DeviceDescriptor
                0x0000000008006804       0x24 USB_DEVICE/App/usbd_desc.o
                0x0000000008006804                USBD_FS_DeviceDescriptor
 .text.USBD_FS_LangIDStrDescriptor
                0x0000000008006828       0x24 USB_DEVICE/App/usbd_desc.o
                0x0000000008006828                USBD_FS_LangIDStrDescriptor
 .text.USBD_FS_ProductStrDescriptor
                0x000000000800684c       0x3c USB_DEVICE/App/usbd_desc.o
                0x000000000800684c                USBD_FS_ProductStrDescriptor
 .text.USBD_FS_ManufacturerStrDescriptor
                0x0000000008006888       0x28 USB_DEVICE/App/usbd_desc.o
                0x0000000008006888                USBD_FS_ManufacturerStrDescriptor
 .text.USBD_FS_SerialStrDescriptor
                0x00000000080068b0       0x24 USB_DEVICE/App/usbd_desc.o
                0x00000000080068b0                USBD_FS_SerialStrDescriptor
 .text.USBD_FS_ConfigStrDescriptor
                0x00000000080068d4       0x3c USB_DEVICE/App/usbd_desc.o
                0x00000000080068d4                USBD_FS_ConfigStrDescriptor
 .text.USBD_FS_InterfaceStrDescriptor
                0x0000000008006910       0x3c USB_DEVICE/App/usbd_desc.o
                0x0000000008006910                USBD_FS_InterfaceStrDescriptor
 .text.Get_SerialNum
                0x000000000800694c       0x58 USB_DEVICE/App/usbd_desc.o
 .text.IntToUnicode
                0x00000000080069a4       0x7a USB_DEVICE/App/usbd_desc.o
 *fill*         0x0000000008006a1e        0x2 
 .text.HAL_PCD_MspInit
                0x0000000008006a20       0xc4 USB_DEVICE/Target/usbd_conf.o
                0x0000000008006a20                HAL_PCD_MspInit
 .text.HAL_PCD_SetupStageCallback
                0x0000000008006ae4       0x24 USB_DEVICE/Target/usbd_conf.o
                0x0000000008006ae4                HAL_PCD_SetupStageCallback
 .text.HAL_PCD_DataOutStageCallback
                0x0000000008006b08       0x36 USB_DEVICE/Target/usbd_conf.o
                0x0000000008006b08                HAL_PCD_DataOutStageCallback
 .text.HAL_PCD_DataInStageCallback
                0x0000000008006b3e       0x34 USB_DEVICE/Target/usbd_conf.o
                0x0000000008006b3e                HAL_PCD_DataInStageCallback
 .text.HAL_PCD_SOFCallback
                0x0000000008006b72       0x1c USB_DEVICE/Target/usbd_conf.o
                0x0000000008006b72                HAL_PCD_SOFCallback
 .text.HAL_PCD_ResetCallback
                0x0000000008006b8e       0x50 USB_DEVICE/Target/usbd_conf.o
                0x0000000008006b8e                HAL_PCD_ResetCallback
 *fill*         0x0000000008006bde        0x2 
 .text.HAL_PCD_SuspendCallback
                0x0000000008006be0       0x4c USB_DEVICE/Target/usbd_conf.o
                0x0000000008006be0                HAL_PCD_SuspendCallback
 .text.HAL_PCD_ResumeCallback
                0x0000000008006c2c       0x1c USB_DEVICE/Target/usbd_conf.o
                0x0000000008006c2c                HAL_PCD_ResumeCallback
 .text.HAL_PCD_ISOOUTIncompleteCallback
                0x0000000008006c48       0x24 USB_DEVICE/Target/usbd_conf.o
                0x0000000008006c48                HAL_PCD_ISOOUTIncompleteCallback
 .text.HAL_PCD_ISOINIncompleteCallback
                0x0000000008006c6c       0x24 USB_DEVICE/Target/usbd_conf.o
                0x0000000008006c6c                HAL_PCD_ISOINIncompleteCallback
 .text.HAL_PCD_ConnectCallback
                0x0000000008006c90       0x1c USB_DEVICE/Target/usbd_conf.o
                0x0000000008006c90                HAL_PCD_ConnectCallback
 .text.HAL_PCD_DisconnectCallback
                0x0000000008006cac       0x1c USB_DEVICE/Target/usbd_conf.o
                0x0000000008006cac                HAL_PCD_DisconnectCallback
 .text.USBD_LL_Init
                0x0000000008006cc8       0x94 USB_DEVICE/Target/usbd_conf.o
                0x0000000008006cc8                USBD_LL_Init
 .text.USBD_LL_Start
                0x0000000008006d5c       0x36 USB_DEVICE/Target/usbd_conf.o
                0x0000000008006d5c                USBD_LL_Start
 .text.USBD_LL_OpenEP
                0x0000000008006d92       0x4c USB_DEVICE/Target/usbd_conf.o
                0x0000000008006d92                USBD_LL_OpenEP
 .text.USBD_LL_CloseEP
                0x0000000008006dde       0x3e USB_DEVICE/Target/usbd_conf.o
                0x0000000008006dde                USBD_LL_CloseEP
 .text.USBD_LL_StallEP
                0x0000000008006e1c       0x3e USB_DEVICE/Target/usbd_conf.o
                0x0000000008006e1c                USBD_LL_StallEP
 .text.USBD_LL_ClearStallEP
                0x0000000008006e5a       0x3e USB_DEVICE/Target/usbd_conf.o
                0x0000000008006e5a                USBD_LL_ClearStallEP
 .text.USBD_LL_IsStallEP
                0x0000000008006e98       0x56 USB_DEVICE/Target/usbd_conf.o
                0x0000000008006e98                USBD_LL_IsStallEP
 .text.USBD_LL_SetUSBAddress
                0x0000000008006eee       0x3e USB_DEVICE/Target/usbd_conf.o
                0x0000000008006eee                USBD_LL_SetUSBAddress
 .text.USBD_LL_Transmit
                0x0000000008006f2c       0x46 USB_DEVICE/Target/usbd_conf.o
                0x0000000008006f2c                USBD_LL_Transmit
 .text.USBD_LL_PrepareReceive
                0x0000000008006f72       0x46 USB_DEVICE/Target/usbd_conf.o
                0x0000000008006f72                USBD_LL_PrepareReceive
 .text.USBD_LL_GetRxDataSize
                0x0000000008006fb8       0x26 USB_DEVICE/Target/usbd_conf.o
                0x0000000008006fb8                USBD_LL_GetRxDataSize
 *fill*         0x0000000008006fde        0x2 
 .text.USBD_Get_USB_Status
                0x0000000008006fe0       0x58 USB_DEVICE/Target/usbd_conf.o
                0x0000000008006fe0                USBD_Get_USB_Status
 .text.__errno  0x0000000008007038        0xc c:/st/stm32cubeide_1.5.0/stm32cubeide/plugins/com.st.stm32cube.ide.mcu.externaltools.gnu-tools-for-stm32.7-2018-q2-update.win32_1.5.0.202011040924/tools/bin/../lib/gcc/arm-none-eabi/7.3.1/../../../../arm-none-eabi/lib/thumb/v7-m\libc_nano.a(lib_a-errno.o)
                0x0000000008007038                __errno
 .text.__libc_init_array
                0x0000000008007044       0x48 c:/st/stm32cubeide_1.5.0/stm32cubeide/plugins/com.st.stm32cube.ide.mcu.externaltools.gnu-tools-for-stm32.7-2018-q2-update.win32_1.5.0.202011040924/tools/bin/../lib/gcc/arm-none-eabi/7.3.1/../../../../arm-none-eabi/lib/thumb/v7-m\libc_nano.a(lib_a-init.o)
                0x0000000008007044                __libc_init_array
 .text.malloc   0x000000000800708c       0x10 c:/st/stm32cubeide_1.5.0/stm32cubeide/plugins/com.st.stm32cube.ide.mcu.externaltools.gnu-tools-for-stm32.7-2018-q2-update.win32_1.5.0.202011040924/tools/bin/../lib/gcc/arm-none-eabi/7.3.1/../../../../arm-none-eabi/lib/thumb/v7-m\libc_nano.a(lib_a-malloc.o)
                0x000000000800708c                malloc
 .text.free     0x000000000800709c       0x10 c:/st/stm32cubeide_1.5.0/stm32cubeide/plugins/com.st.stm32cube.ide.mcu.externaltools.gnu-tools-for-stm32.7-2018-q2-update.win32_1.5.0.202011040924/tools/bin/../lib/gcc/arm-none-eabi/7.3.1/../../../../arm-none-eabi/lib/thumb/v7-m\libc_nano.a(lib_a-malloc.o)
                0x000000000800709c                free
 .text.memset   0x00000000080070ac       0x10 c:/st/stm32cubeide_1.5.0/stm32cubeide/plugins/com.st.stm32cube.ide.mcu.externaltools.gnu-tools-for-stm32.7-2018-q2-update.win32_1.5.0.202011040924/tools/bin/../lib/gcc/arm-none-eabi/7.3.1/../../../../arm-none-eabi/lib/thumb/v7-m\libc_nano.a(lib_a-memset.o)
                0x00000000080070ac                memset
 .text._free_r  0x00000000080070bc       0x98 c:/st/stm32cubeide_1.5.0/stm32cubeide/plugins/com.st.stm32cube.ide.mcu.externaltools.gnu-tools-for-stm32.7-2018-q2-update.win32_1.5.0.202011040924/tools/bin/../lib/gcc/arm-none-eabi/7.3.1/../../../../arm-none-eabi/lib/thumb/v7-m\libc_nano.a(lib_a-nano-freer.o)
                0x00000000080070bc                _free_r
 .text._malloc_r
                0x0000000008007154       0xb4 c:/st/stm32cubeide_1.5.0/stm32cubeide/plugins/com.st.stm32cube.ide.mcu.externaltools.gnu-tools-for-stm32.7-2018-q2-update.win32_1.5.0.202011040924/tools/bin/../lib/gcc/arm-none-eabi/7.3.1/../../../../arm-none-eabi/lib/thumb/v7-m\libc_nano.a(lib_a-nano-mallocr.o)
                0x0000000008007154                _malloc_r
 .text._puts_r  0x0000000008007208       0xb8 c:/st/stm32cubeide_1.5.0/stm32cubeide/plugins/com.st.stm32cube.ide.mcu.externaltools.gnu-tools-for-stm32.7-2018-q2-update.win32_1.5.0.202011040924/tools/bin/../lib/gcc/arm-none-eabi/7.3.1/../../../../arm-none-eabi/lib/thumb/v7-m\libc_nano.a(lib_a-puts.o)
                0x0000000008007208                _puts_r
 .text.puts     0x00000000080072c0       0x10 c:/st/stm32cubeide_1.5.0/stm32cubeide/plugins/com.st.stm32cube.ide.mcu.externaltools.gnu-tools-for-stm32.7-2018-q2-update.win32_1.5.0.202011040924/tools/bin/../lib/gcc/arm-none-eabi/7.3.1/../../../../arm-none-eabi/lib/thumb/v7-m\libc_nano.a(lib_a-puts.o)
                0x00000000080072c0                puts
 .text._sbrk_r  0x00000000080072d0       0x20 c:/st/stm32cubeide_1.5.0/stm32cubeide/plugins/com.st.stm32cube.ide.mcu.externaltools.gnu-tools-for-stm32.7-2018-q2-update.win32_1.5.0.202011040924/tools/bin/../lib/gcc/arm-none-eabi/7.3.1/../../../../arm-none-eabi/lib/thumb/v7-m\libc_nano.a(lib_a-sbrkr.o)
                0x00000000080072d0                _sbrk_r
 .text.__swbuf_r
                0x00000000080072f0       0xa4 c:/st/stm32cubeide_1.5.0/stm32cubeide/plugins/com.st.stm32cube.ide.mcu.externaltools.gnu-tools-for-stm32.7-2018-q2-update.win32_1.5.0.202011040924/tools/bin/../lib/gcc/arm-none-eabi/7.3.1/../../../../arm-none-eabi/lib/thumb/v7-m\libc_nano.a(lib_a-wbuf.o)
                0x00000000080072f0                __swbuf_r
 .text.__swsetup_r
                0x0000000008007394       0xdc c:/st/stm32cubeide_1.5.0/stm32cubeide/plugins/com.st.stm32cube.ide.mcu.externaltools.gnu-tools-for-stm32.7-2018-q2-update.win32_1.5.0.202011040924/tools/bin/../lib/gcc/arm-none-eabi/7.3.1/../../../../arm-none-eabi/lib/thumb/v7-m\libc_nano.a(lib_a-wsetup.o)
                0x0000000008007394                __swsetup_r
 .text.__sflush_r
                0x0000000008007470      0x10c c:/st/stm32cubeide_1.5.0/stm32cubeide/plugins/com.st.stm32cube.ide.mcu.externaltools.gnu-tools-for-stm32.7-2018-q2-update.win32_1.5.0.202011040924/tools/bin/../lib/gcc/arm-none-eabi/7.3.1/../../../../arm-none-eabi/lib/thumb/v7-m\libc_nano.a(lib_a-fflush.o)
                0x0000000008007470                __sflush_r
 .text._fflush_r
                0x000000000800757c       0x54 c:/st/stm32cubeide_1.5.0/stm32cubeide/plugins/com.st.stm32cube.ide.mcu.externaltools.gnu-tools-for-stm32.7-2018-q2-update.win32_1.5.0.202011040924/tools/bin/../lib/gcc/arm-none-eabi/7.3.1/../../../../arm-none-eabi/lib/thumb/v7-m\libc_nano.a(lib_a-fflush.o)
                0x000000000800757c                _fflush_r
 .text.std      0x00000000080075d0       0x48 c:/st/stm32cubeide_1.5.0/stm32cubeide/plugins/com.st.stm32cube.ide.mcu.externaltools.gnu-tools-for-stm32.7-2018-q2-update.win32_1.5.0.202011040924/tools/bin/../lib/gcc/arm-none-eabi/7.3.1/../../../../arm-none-eabi/lib/thumb/v7-m\libc_nano.a(lib_a-findfp.o)
 .text._cleanup_r
                0x0000000008007618        0xc c:/st/stm32cubeide_1.5.0/stm32cubeide/plugins/com.st.stm32cube.ide.mcu.externaltools.gnu-tools-for-stm32.7-2018-q2-update.win32_1.5.0.202011040924/tools/bin/../lib/gcc/arm-none-eabi/7.3.1/../../../../arm-none-eabi/lib/thumb/v7-m\libc_nano.a(lib_a-findfp.o)
                0x0000000008007618                _cleanup_r
 .text.__sfmoreglue
                0x0000000008007624       0x2c c:/st/stm32cubeide_1.5.0/stm32cubeide/plugins/com.st.stm32cube.ide.mcu.externaltools.gnu-tools-for-stm32.7-2018-q2-update.win32_1.5.0.202011040924/tools/bin/../lib/gcc/arm-none-eabi/7.3.1/../../../../arm-none-eabi/lib/thumb/v7-m\libc_nano.a(lib_a-findfp.o)
                0x0000000008007624                __sfmoreglue
 .text.__sinit  0x0000000008007650       0x60 c:/st/stm32cubeide_1.5.0/stm32cubeide/plugins/com.st.stm32cube.ide.mcu.externaltools.gnu-tools-for-stm32.7-2018-q2-update.win32_1.5.0.202011040924/tools/bin/../lib/gcc/arm-none-eabi/7.3.1/../../../../arm-none-eabi/lib/thumb/v7-m\libc_nano.a(lib_a-findfp.o)
                0x0000000008007650                __sinit
 .text.__sfp    0x00000000080076b0       0x78 c:/st/stm32cubeide_1.5.0/stm32cubeide/plugins/com.st.stm32cube.ide.mcu.externaltools.gnu-tools-for-stm32.7-2018-q2-update.win32_1.5.0.202011040924/tools/bin/../lib/gcc/arm-none-eabi/7.3.1/../../../../arm-none-eabi/lib/thumb/v7-m\libc_nano.a(lib_a-findfp.o)
                0x00000000080076b0                __sfp
 .text._fwalk_reent
                0x0000000008007728       0x3c c:/st/stm32cubeide_1.5.0/stm32cubeide/plugins/com.st.stm32cube.ide.mcu.externaltools.gnu-tools-for-stm32.7-2018-q2-update.win32_1.5.0.202011040924/tools/bin/../lib/gcc/arm-none-eabi/7.3.1/../../../../arm-none-eabi/lib/thumb/v7-m\libc_nano.a(lib_a-fwalk.o)
                0x0000000008007728                _fwalk_reent
 .text.__swhatbuf_r
                0x0000000008007764       0x48 c:/st/stm32cubeide_1.5.0/stm32cubeide/plugins/com.st.stm32cube.ide.mcu.externaltools.gnu-tools-for-stm32.7-2018-q2-update.win32_1.5.0.202011040924/tools/bin/../lib/gcc/arm-none-eabi/7.3.1/../../../../arm-none-eabi/lib/thumb/v7-m\libc_nano.a(lib_a-makebuf.o)
                0x0000000008007764                __swhatbuf_r
 .text.__smakebuf_r
                0x00000000080077ac       0x80 c:/st/stm32cubeide_1.5.0/stm32cubeide/plugins/com.st.stm32cube.ide.mcu.externaltools.gnu-tools-for-stm32.7-2018-q2-update.win32_1.5.0.202011040924/tools/bin/../lib/gcc/arm-none-eabi/7.3.1/../../../../arm-none-eabi/lib/thumb/v7-m\libc_nano.a(lib_a-makebuf.o)
                0x00000000080077ac                __smakebuf_r
 .text.__malloc_lock
                0x000000000800782c        0x2 c:/st/stm32cubeide_1.5.0/stm32cubeide/plugins/com.st.stm32cube.ide.mcu.externaltools.gnu-tools-for-stm32.7-2018-q2-update.win32_1.5.0.202011040924/tools/bin/../lib/gcc/arm-none-eabi/7.3.1/../../../../arm-none-eabi/lib/thumb/v7-m\libc_nano.a(lib_a-mlock.o)
                0x000000000800782c                __malloc_lock
 .text.__malloc_unlock
                0x000000000800782e        0x2 c:/st/stm32cubeide_1.5.0/stm32cubeide/plugins/com.st.stm32cube.ide.mcu.externaltools.gnu-tools-for-stm32.7-2018-q2-update.win32_1.5.0.202011040924/tools/bin/../lib/gcc/arm-none-eabi/7.3.1/../../../../arm-none-eabi/lib/thumb/v7-m\libc_nano.a(lib_a-mlock.o)
                0x000000000800782e                __malloc_unlock
 .text.__sread  0x0000000008007830       0x22 c:/st/stm32cubeide_1.5.0/stm32cubeide/plugins/com.st.stm32cube.ide.mcu.externaltools.gnu-tools-for-stm32.7-2018-q2-update.win32_1.5.0.202011040924/tools/bin/../lib/gcc/arm-none-eabi/7.3.1/../../../../arm-none-eabi/lib/thumb/v7-m\libc_nano.a(lib_a-stdio.o)
                0x0000000008007830                __sread
 .text.__swrite
                0x0000000008007852       0x38 c:/st/stm32cubeide_1.5.0/stm32cubeide/plugins/com.st.stm32cube.ide.mcu.externaltools.gnu-tools-for-stm32.7-2018-q2-update.win32_1.5.0.202011040924/tools/bin/../lib/gcc/arm-none-eabi/7.3.1/../../../../arm-none-eabi/lib/thumb/v7-m\libc_nano.a(lib_a-stdio.o)
                0x0000000008007852                __swrite
 .text.__sseek  0x000000000800788a       0x24 c:/st/stm32cubeide_1.5.0/stm32cubeide/plugins/com.st.stm32cube.ide.mcu.externaltools.gnu-tools-for-stm32.7-2018-q2-update.win32_1.5.0.202011040924/tools/bin/../lib/gcc/arm-none-eabi/7.3.1/../../../../arm-none-eabi/lib/thumb/v7-m\libc_nano.a(lib_a-stdio.o)
                0x000000000800788a                __sseek
 .text.__sclose
                0x00000000080078ae        0x8 c:/st/stm32cubeide_1.5.0/stm32cubeide/plugins/com.st.stm32cube.ide.mcu.externaltools.gnu-tools-for-stm32.7-2018-q2-update.win32_1.5.0.202011040924/tools/bin/../lib/gcc/arm-none-eabi/7.3.1/../../../../arm-none-eabi/lib/thumb/v7-m\libc_nano.a(lib_a-stdio.o)
                0x00000000080078ae                __sclose
 *fill*         0x00000000080078b6        0x2 
 .text._write_r
                0x00000000080078b8       0x24 c:/st/stm32cubeide_1.5.0/stm32cubeide/plugins/com.st.stm32cube.ide.mcu.externaltools.gnu-tools-for-stm32.7-2018-q2-update.win32_1.5.0.202011040924/tools/bin/../lib/gcc/arm-none-eabi/7.3.1/../../../../arm-none-eabi/lib/thumb/v7-m\libc_nano.a(lib_a-writer.o)
                0x00000000080078b8                _write_r
 .text._close_r
                0x00000000080078dc       0x20 c:/st/stm32cubeide_1.5.0/stm32cubeide/plugins/com.st.stm32cube.ide.mcu.externaltools.gnu-tools-for-stm32.7-2018-q2-update.win32_1.5.0.202011040924/tools/bin/../lib/gcc/arm-none-eabi/7.3.1/../../../../arm-none-eabi/lib/thumb/v7-m\libc_nano.a(lib_a-closer.o)
                0x00000000080078dc                _close_r
 .text._fstat_r
                0x00000000080078fc       0x24 c:/st/stm32cubeide_1.5.0/stm32cubeide/plugins/com.st.stm32cube.ide.mcu.externaltools.gnu-tools-for-stm32.7-2018-q2-update.win32_1.5.0.202011040924/tools/bin/../lib/gcc/arm-none-eabi/7.3.1/../../../../arm-none-eabi/lib/thumb/v7-m\libc_nano.a(lib_a-fstatr.o)
                0x00000000080078fc                _fstat_r
 .text._isatty_r
                0x0000000008007920       0x20 c:/st/stm32cubeide_1.5.0/stm32cubeide/plugins/com.st.stm32cube.ide.mcu.externaltools.gnu-tools-for-stm32.7-2018-q2-update.win32_1.5.0.202011040924/tools/bin/../lib/gcc/arm-none-eabi/7.3.1/../../../../arm-none-eabi/lib/thumb/v7-m\libc_nano.a(lib_a-isattyr.o)
                0x0000000008007920                _isatty_r
 .text._lseek_r
                0x0000000008007940       0x24 c:/st/stm32cubeide_1.5.0/stm32cubeide/plugins/com.st.stm32cube.ide.mcu.externaltools.gnu-tools-for-stm32.7-2018-q2-update.win32_1.5.0.202011040924/tools/bin/../lib/gcc/arm-none-eabi/7.3.1/../../../../arm-none-eabi/lib/thumb/v7-m\libc_nano.a(lib_a-lseekr.o)
                0x0000000008007940                _lseek_r
 .text._read_r  0x0000000008007964       0x24 c:/st/stm32cubeide_1.5.0/stm32cubeide/plugins/com.st.stm32cube.ide.mcu.externaltools.gnu-tools-for-stm32.7-2018-q2-update.win32_1.5.0.202011040924/tools/bin/../lib/gcc/arm-none-eabi/7.3.1/../../../../arm-none-eabi/lib/thumb/v7-m\libc_nano.a(lib_a-readr.o)
                0x0000000008007964                _read_r
 *(.glue_7)
 .glue_7        0x0000000008007988        0x0 linker stubs
 *(.glue_7t)
 .glue_7t       0x0000000008007988        0x0 linker stubs
 *(.eh_frame)
 .eh_frame      0x0000000008007988        0x0 c:/st/stm32cubeide_1.5.0/stm32cubeide/plugins/com.st.stm32cube.ide.mcu.externaltools.gnu-tools-for-stm32.7-2018-q2-update.win32_1.5.0.202011040924/tools/bin/../lib/gcc/arm-none-eabi/7.3.1/thumb/v7-m/crtbegin.o
 *(.init)
 .init          0x0000000008007988        0x4 c:/st/stm32cubeide_1.5.0/stm32cubeide/plugins/com.st.stm32cube.ide.mcu.externaltools.gnu-tools-for-stm32.7-2018-q2-update.win32_1.5.0.202011040924/tools/bin/../lib/gcc/arm-none-eabi/7.3.1/thumb/v7-m/crti.o
                0x0000000008007988                _init
 .init          0x000000000800798c        0x8 c:/st/stm32cubeide_1.5.0/stm32cubeide/plugins/com.st.stm32cube.ide.mcu.externaltools.gnu-tools-for-stm32.7-2018-q2-update.win32_1.5.0.202011040924/tools/bin/../lib/gcc/arm-none-eabi/7.3.1/thumb/v7-m/crtn.o
 *(.fini)
 .fini          0x0000000008007994        0x4 c:/st/stm32cubeide_1.5.0/stm32cubeide/plugins/com.st.stm32cube.ide.mcu.externaltools.gnu-tools-for-stm32.7-2018-q2-update.win32_1.5.0.202011040924/tools/bin/../lib/gcc/arm-none-eabi/7.3.1/thumb/v7-m/crti.o
                0x0000000008007994                _fini
 .fini          0x0000000008007998        0x8 c:/st/stm32cubeide_1.5.0/stm32cubeide/plugins/com.st.stm32cube.ide.mcu.externaltools.gnu-tools-for-stm32.7-2018-q2-update.win32_1.5.0.202011040924/tools/bin/../lib/gcc/arm-none-eabi/7.3.1/thumb/v7-m/crtn.o
                0x00000000080079a0                . = ALIGN (0x4)
                0x00000000080079a0                _etext = .

.vfp11_veneer   0x00000000080079a0        0x0
 .vfp11_veneer  0x00000000080079a0        0x0 linker stubs

.v4_bx          0x00000000080079a0        0x0
 .v4_bx         0x00000000080079a0        0x0 linker stubs

.iplt           0x00000000080079a0        0x0
 .iplt          0x00000000080079a0        0x0 c:/st/stm32cubeide_1.5.0/stm32cubeide/plugins/com.st.stm32cube.ide.mcu.externaltools.gnu-tools-for-stm32.7-2018-q2-update.win32_1.5.0.202011040924/tools/bin/../lib/gcc/arm-none-eabi/7.3.1/thumb/v7-m/crtbegin.o

.rodata         0x00000000080079a0       0xc8
                0x00000000080079a0                . = ALIGN (0x4)
 *(.rodata)
 .rodata        0x00000000080079a0        0xf Core/Src/main.o
 *fill*         0x00000000080079af        0x1 
 .rodata        0x00000000080079b0       0x3a USB_DEVICE/App/usbd_desc.o
 *(.rodata*)
 *fill*         0x00000000080079ea        0x2 
 .rodata.AHBPrescTable
                0x00000000080079ec       0x10 Core/Src/system_stm32f2xx.o
                0x00000000080079ec                AHBPrescTable
 .rodata.APBPrescTable
                0x00000000080079fc        0x8 Core/Src/system_stm32f2xx.o
                0x00000000080079fc                APBPrescTable
 .rodata._global_impure_ptr
                0x0000000008007a04        0x4 c:/st/stm32cubeide_1.5.0/stm32cubeide/plugins/com.st.stm32cube.ide.mcu.externaltools.gnu-tools-for-stm32.7-2018-q2-update.win32_1.5.0.202011040924/tools/bin/../lib/gcc/arm-none-eabi/7.3.1/../../../../arm-none-eabi/lib/thumb/v7-m\libc_nano.a(lib_a-impure.o)
                0x0000000008007a04                _global_impure_ptr
 .rodata.__sf_fake_stderr
                0x0000000008007a08       0x20 c:/st/stm32cubeide_1.5.0/stm32cubeide/plugins/com.st.stm32cube.ide.mcu.externaltools.gnu-tools-for-stm32.7-2018-q2-update.win32_1.5.0.202011040924/tools/bin/../lib/gcc/arm-none-eabi/7.3.1/../../../../arm-none-eabi/lib/thumb/v7-m\libc_nano.a(lib_a-findfp.o)
                0x0000000008007a08                __sf_fake_stderr
 .rodata.__sf_fake_stdin
                0x0000000008007a28       0x20 c:/st/stm32cubeide_1.5.0/stm32cubeide/plugins/com.st.stm32cube.ide.mcu.externaltools.gnu-tools-for-stm32.7-2018-q2-update.win32_1.5.0.202011040924/tools/bin/../lib/gcc/arm-none-eabi/7.3.1/../../../../arm-none-eabi/lib/thumb/v7-m\libc_nano.a(lib_a-findfp.o)
                0x0000000008007a28                __sf_fake_stdin
 .rodata.__sf_fake_stdout
                0x0000000008007a48       0x20 c:/st/stm32cubeide_1.5.0/stm32cubeide/plugins/com.st.stm32cube.ide.mcu.externaltools.gnu-tools-for-stm32.7-2018-q2-update.win32_1.5.0.202011040924/tools/bin/../lib/gcc/arm-none-eabi/7.3.1/../../../../arm-none-eabi/lib/thumb/v7-m\libc_nano.a(lib_a-findfp.o)
                0x0000000008007a48                __sf_fake_stdout
                0x0000000008007a68                . = ALIGN (0x4)

.ARM.extab      0x0000000008007a68        0x0
                0x0000000008007a68                . = ALIGN (0x4)
 *(.ARM.extab* .gnu.linkonce.armextab.*)
                0x0000000008007a68                . = ALIGN (0x4)

.ARM            0x0000000008007a68        0x8
                0x0000000008007a68                . = ALIGN (0x4)
                0x0000000008007a68                __exidx_start = .
 *(.ARM.exidx*)
 .ARM.exidx     0x0000000008007a68        0x8 c:/st/stm32cubeide_1.5.0/stm32cubeide/plugins/com.st.stm32cube.ide.mcu.externaltools.gnu-tools-for-stm32.7-2018-q2-update.win32_1.5.0.202011040924/tools/bin/../lib/gcc/arm-none-eabi/7.3.1/thumb/v7-m\libgcc.a(_udivmoddi4.o)
                0x0000000008007a70                __exidx_end = .
                0x0000000008007a70                . = ALIGN (0x4)

.rel.dyn        0x0000000008007a70        0x0
 .rel.iplt      0x0000000008007a70        0x0 c:/st/stm32cubeide_1.5.0/stm32cubeide/plugins/com.st.stm32cube.ide.mcu.externaltools.gnu-tools-for-stm32.7-2018-q2-update.win32_1.5.0.202011040924/tools/bin/../lib/gcc/arm-none-eabi/7.3.1/thumb/v7-m/crtbegin.o

.preinit_array  0x0000000008007a70        0x0
                0x0000000008007a70                . = ALIGN (0x4)
                0x0000000008007a70                PROVIDE (__preinit_array_start = .)
 *(.preinit_array*)
                0x0000000008007a70                PROVIDE (__preinit_array_end = .)
                0x0000000008007a70                . = ALIGN (0x4)

.init_array     0x0000000008007a70        0x4
                0x0000000008007a70                . = ALIGN (0x4)
                0x0000000008007a70                PROVIDE (__init_array_start = .)
 *(SORT_BY_NAME(.init_array.*))
 *(.init_array*)
 .init_array    0x0000000008007a70        0x4 c:/st/stm32cubeide_1.5.0/stm32cubeide/plugins/com.st.stm32cube.ide.mcu.externaltools.gnu-tools-for-stm32.7-2018-q2-update.win32_1.5.0.202011040924/tools/bin/../lib/gcc/arm-none-eabi/7.3.1/thumb/v7-m/crtbegin.o
                0x0000000008007a74                PROVIDE (__init_array_end = .)
                0x0000000008007a74                . = ALIGN (0x4)

.fini_array     0x0000000008007a74        0x4
                0x0000000008007a74                . = ALIGN (0x4)
                [!provide]                        PROVIDE (__fini_array_start = .)
 *(SORT_BY_NAME(.fini_array.*))
 *(.fini_array*)
 .fini_array    0x0000000008007a74        0x4 c:/st/stm32cubeide_1.5.0/stm32cubeide/plugins/com.st.stm32cube.ide.mcu.externaltools.gnu-tools-for-stm32.7-2018-q2-update.win32_1.5.0.202011040924/tools/bin/../lib/gcc/arm-none-eabi/7.3.1/thumb/v7-m/crtbegin.o
                [!provide]                        PROVIDE (__fini_array_end = .)
                0x0000000008007a78                . = ALIGN (0x4)
                0x0000000008007a78                _sidata = LOADADDR (.data)

.data           0x0000000020000000      0x1e8 load address 0x0000000008007a78
                0x0000000020000000                . = ALIGN (0x4)
                0x0000000020000000                _sdata = .
 *(.data)
 *(.data*)
 .data.SystemCoreClock
                0x0000000020000000        0x4 Core/Src/system_stm32f2xx.o
                0x0000000020000000                SystemCoreClock
 .data.uwTickPrio
                0x0000000020000004        0x4 Drivers/STM32F2xx_HAL_Driver/Src/stm32f2xx_hal.o
                0x0000000020000004                uwTickPrio
 .data.uwTickFreq
                0x0000000020000008        0x1 Drivers/STM32F2xx_HAL_Driver/Src/stm32f2xx_hal.o
                0x0000000020000008                uwTickFreq
 *fill*         0x0000000020000009        0x3 
 .data.USBD_CDC_DeviceQualifierDesc
                0x000000002000000c        0xa Middlewares/ST/STM32_USB_Device_Library/Class/CDC/Src/usbd_cdc.o
 *fill*         0x0000000020000016        0x2 
 .data.USBD_CDC
                0x0000000020000018       0x38 Middlewares/ST/STM32_USB_Device_Library/Class/CDC/Src/usbd_cdc.o
                0x0000000020000018                USBD_CDC
 .data.USBD_CDC_CfgHSDesc
                0x0000000020000050       0x43 Middlewares/ST/STM32_USB_Device_Library/Class/CDC/Src/usbd_cdc.o
                0x0000000020000050                USBD_CDC_CfgHSDesc
 *fill*         0x0000000020000093        0x1 
 .data.USBD_CDC_CfgFSDesc
                0x0000000020000094       0x43 Middlewares/ST/STM32_USB_Device_Library/Class/CDC/Src/usbd_cdc.o
                0x0000000020000094                USBD_CDC_CfgFSDesc
 *fill*         0x00000000200000d7        0x1 
 .data.USBD_CDC_OtherSpeedCfgDesc
                0x00000000200000d8       0x43 Middlewares/ST/STM32_USB_Device_Library/Class/CDC/Src/usbd_cdc.o
                0x00000000200000d8                USBD_CDC_OtherSpeedCfgDesc
 *fill*         0x000000002000011b        0x1 
 .data.USBD_Interface_fops_FS
                0x000000002000011c       0x10 USB_DEVICE/App/usbd_cdc_if.o
                0x000000002000011c                USBD_Interface_fops_FS
 .data.lineCoding.8212
                0x000000002000012c        0x7 USB_DEVICE/App/usbd_cdc_if.o
 *fill*         0x0000000020000133        0x1 
 .data.FS_Desc  0x0000000020000134       0x1c USB_DEVICE/App/usbd_desc.o
                0x0000000020000134                FS_Desc
 .data.USBD_FS_DeviceDesc
                0x0000000020000150       0x12 USB_DEVICE/App/usbd_desc.o
                0x0000000020000150                USBD_FS_DeviceDesc
 *fill*         0x0000000020000162        0x2 
 .data.USBD_LangIDDesc
                0x0000000020000164        0x4 USB_DEVICE/App/usbd_desc.o
                0x0000000020000164                USBD_LangIDDesc
 .data.USBD_StringSerial
                0x0000000020000168       0x1a USB_DEVICE/App/usbd_desc.o
                0x0000000020000168                USBD_StringSerial
 *fill*         0x0000000020000182        0x2 
 .data._impure_ptr
                0x0000000020000184        0x4 c:/st/stm32cubeide_1.5.0/stm32cubeide/plugins/com.st.stm32cube.ide.mcu.externaltools.gnu-tools-for-stm32.7-2018-q2-update.win32_1.5.0.202011040924/tools/bin/../lib/gcc/arm-none-eabi/7.3.1/../../../../arm-none-eabi/lib/thumb/v7-m\libc_nano.a(lib_a-impure.o)
                0x0000000020000184                _impure_ptr
 .data.impure_data
                0x0000000020000188       0x60 c:/st/stm32cubeide_1.5.0/stm32cubeide/plugins/com.st.stm32cube.ide.mcu.externaltools.gnu-tools-for-stm32.7-2018-q2-update.win32_1.5.0.202011040924/tools/bin/../lib/gcc/arm-none-eabi/7.3.1/../../../../arm-none-eabi/lib/thumb/v7-m\libc_nano.a(lib_a-impure.o)
 *(.RamFunc)
 *(.RamFunc*)
                0x00000000200001e8                . = ALIGN (0x4)
                0x00000000200001e8                _edata = .

.igot.plt       0x00000000200001e8        0x0 load address 0x0000000008007c60
 .igot.plt      0x00000000200001e8        0x0 c:/st/stm32cubeide_1.5.0/stm32cubeide/plugins/com.st.stm32cube.ide.mcu.externaltools.gnu-tools-for-stm32.7-2018-q2-update.win32_1.5.0.202011040924/tools/bin/../lib/gcc/arm-none-eabi/7.3.1/thumb/v7-m/crtbegin.o
                0x00000000200001e8                . = ALIGN (0x4)

.bss            0x00000000200001e8     0x1d6c load address 0x0000000008007c60
                0x00000000200001e8                _sbss = .
                0x00000000200001e8                __bss_start__ = _sbss
 *(.bss)
 .bss           0x00000000200001e8       0x1c c:/st/stm32cubeide_1.5.0/stm32cubeide/plugins/com.st.stm32cube.ide.mcu.externaltools.gnu-tools-for-stm32.7-2018-q2-update.win32_1.5.0.202011040924/tools/bin/../lib/gcc/arm-none-eabi/7.3.1/thumb/v7-m/crtbegin.o
 *(.bss*)
 .bss.bufHead   0x0000000020000204        0x4 Core/Src/main.o
                0x0000000020000204                bufHead
 .bss.bufTail   0x0000000020000208        0x4 Core/Src/main.o
                0x0000000020000208                bufTail
 .bss.__sbrk_heap_end
                0x000000002000020c        0x4 Core/Src/sysmem.o
 .bss.cfgidx.8236
                0x0000000020000210        0x1 Middlewares/ST/STM32_USB_Device_Library/Core/Src/usbd_ctlreq.o
 *fill*         0x0000000020000211        0x3 
 .bss.cdc_rx_buffer
                0x0000000020000214       0x20 USB_DEVICE/App/usb_device.o
                0x0000000020000214                cdc_rx_buffer
 .bss.cdc_rx_head
                0x0000000020000234        0x1 USB_DEVICE/App/usb_device.o
                0x0000000020000234                cdc_rx_head
 .bss.cdc_rx_tail
                0x0000000020000235        0x1 USB_DEVICE/App/usb_device.o
                0x0000000020000235                cdc_rx_tail
 *fill*         0x0000000020000236        0x2 
 .bss.__malloc_free_list
                0x0000000020000238        0x4 c:/st/stm32cubeide_1.5.0/stm32cubeide/plugins/com.st.stm32cube.ide.mcu.externaltools.gnu-tools-for-stm32.7-2018-q2-update.win32_1.5.0.202011040924/tools/bin/../lib/gcc/arm-none-eabi/7.3.1/../../../../arm-none-eabi/lib/thumb/v7-m\libc_nano.a(lib_a-nano-mallocr.o)
                0x0000000020000238                __malloc_free_list
 .bss.__malloc_sbrk_start
                0x000000002000023c        0x4 c:/st/stm32cubeide_1.5.0/stm32cubeide/plugins/com.st.stm32cube.ide.mcu.externaltools.gnu-tools-for-stm32.7-2018-q2-update.win32_1.5.0.202011040924/tools/bin/../lib/gcc/arm-none-eabi/7.3.1/../../../../arm-none-eabi/lib/thumb/v7-m\libc_nano.a(lib_a-nano-mallocr.o)
                0x000000002000023c                __malloc_sbrk_start
 *(COMMON)
 COMMON         0x0000000020000240      0x405 Core/Src/main.o
                0x0000000020000240                tmpbuf
                0x0000000020000244                buf
                0x0000000020000644                rcvStat
 *fill*         0x0000000020000645        0x3 
 COMMON         0x0000000020000648       0x40 Core/Src/usart.o
                0x0000000020000648                huart3
 COMMON         0x0000000020000688        0x4 Drivers/STM32F2xx_HAL_Driver/Src/stm32f2xx_hal.o
                0x0000000020000688                uwTick
 COMMON         0x000000002000068c      0x2c4 USB_DEVICE/App/usb_device.o
                0x000000002000068c                hUsbDeviceFS
 COMMON         0x0000000020000950     0x1000 USB_DEVICE/App/usbd_cdc_if.o
                0x0000000020000950                UserRxBufferFS
                0x0000000020001150                UserTxBufferFS
 COMMON         0x0000000020001950      0x200 USB_DEVICE/App/usbd_desc.o
                0x0000000020001950                USBD_StrDesc
 COMMON         0x0000000020001b50      0x400 USB_DEVICE/Target/usbd_conf.o
                0x0000000020001b50                hpcd_USB_OTG_FS
 COMMON         0x0000000020001f50        0x4 c:/st/stm32cubeide_1.5.0/stm32cubeide/plugins/com.st.stm32cube.ide.mcu.externaltools.gnu-tools-for-stm32.7-2018-q2-update.win32_1.5.0.202011040924/tools/bin/../lib/gcc/arm-none-eabi/7.3.1/../../../../arm-none-eabi/lib/thumb/v7-m\libc_nano.a(lib_a-reent.o)
                0x0000000020001f50                errno
                0x0000000020001f54                . = ALIGN (0x4)
                0x0000000020001f54                _ebss = .
                0x0000000020001f54                __bss_end__ = _ebss

._user_heap_stack
                0x0000000020001f54      0x604 load address 0x0000000008007c60
                0x0000000020001f58                . = ALIGN (0x8)
 *fill*         0x0000000020001f54        0x4 
                [!provide]                        PROVIDE (end = .)
                0x0000000020001f58                PROVIDE (_end = .)
                0x0000000020002158                . = (. + _Min_Heap_Size)
 *fill*         0x0000000020001f58      0x200 
                0x0000000020002558                . = (. + _Min_Stack_Size)
 *fill*         0x0000000020002158      0x400 
                0x0000000020002558                . = ALIGN (0x8)

/DISCARD/
 libc.a(*)
 libm.a(*)
 libgcc.a(*)

.ARM.attributes
                0x0000000000000000       0x29
 *(.ARM.attributes)
 .ARM.attributes
                0x0000000000000000       0x1d c:/st/stm32cubeide_1.5.0/stm32cubeide/plugins/com.st.stm32cube.ide.mcu.externaltools.gnu-tools-for-stm32.7-2018-q2-update.win32_1.5.0.202011040924/tools/bin/../lib/gcc/arm-none-eabi/7.3.1/thumb/v7-m/crti.o
 .ARM.attributes
                0x000000000000001d       0x2d c:/st/stm32cubeide_1.5.0/stm32cubeide/plugins/com.st.stm32cube.ide.mcu.externaltools.gnu-tools-for-stm32.7-2018-q2-update.win32_1.5.0.202011040924/tools/bin/../lib/gcc/arm-none-eabi/7.3.1/thumb/v7-m/crtbegin.o
 .ARM.attributes
                0x000000000000004a       0x33 Core/Src/gpio.o
 .ARM.attributes
                0x000000000000007d       0x33 Core/Src/main.o
 .ARM.attributes
                0x00000000000000b0       0x33 Core/Src/stm32f2xx_hal_msp.o
 .ARM.attributes
                0x00000000000000e3       0x33 Core/Src/stm32f2xx_it.o
 .ARM.attributes
                0x0000000000000116       0x33 Core/Src/syscalls.o
 .ARM.attributes
                0x0000000000000149       0x33 Core/Src/sysmem.o
 .ARM.attributes
                0x000000000000017c       0x33 Core/Src/system_stm32f2xx.o
 .ARM.attributes
                0x00000000000001af       0x33 Core/Src/usart.o
 .ARM.attributes
                0x00000000000001e2       0x21 Core/Startup/startup_stm32f207zgtx.o
 .ARM.attributes
                0x0000000000000203       0x33 Drivers/STM32F2xx_HAL_Driver/Src/stm32f2xx_hal.o
 .ARM.attributes
                0x0000000000000236       0x33 Drivers/STM32F2xx_HAL_Driver/Src/stm32f2xx_hal_cortex.o
 .ARM.attributes
                0x0000000000000269       0x33 Drivers/STM32F2xx_HAL_Driver/Src/stm32f2xx_hal_dma.o
 .ARM.attributes
                0x000000000000029c       0x33 Drivers/STM32F2xx_HAL_Driver/Src/stm32f2xx_hal_gpio.o
 .ARM.attributes
                0x00000000000002cf       0x33 Drivers/STM32F2xx_HAL_Driver/Src/stm32f2xx_hal_pcd.o
 .ARM.attributes
                0x0000000000000302       0x33 Drivers/STM32F2xx_HAL_Driver/Src/stm32f2xx_hal_pcd_ex.o
 .ARM.attributes
                0x0000000000000335       0x33 Drivers/STM32F2xx_HAL_Driver/Src/stm32f2xx_hal_rcc.o
 .ARM.attributes
                0x0000000000000368       0x33 Drivers/STM32F2xx_HAL_Driver/Src/stm32f2xx_hal_uart.o
 .ARM.attributes
                0x000000000000039b       0x33 Drivers/STM32F2xx_HAL_Driver/Src/stm32f2xx_ll_usb.o
 .ARM.attributes
                0x00000000000003ce       0x33 Middlewares/ST/STM32_USB_Device_Library/Class/CDC/Src/usbd_cdc.o
 .ARM.attributes
                0x0000000000000401       0x33 Middlewares/ST/STM32_USB_Device_Library/Core/Src/usbd_core.o
 .ARM.attributes
                0x0000000000000434       0x33 Middlewares/ST/STM32_USB_Device_Library/Core/Src/usbd_ctlreq.o
 .ARM.attributes
                0x0000000000000467       0x33 Middlewares/ST/STM32_USB_Device_Library/Core/Src/usbd_ioreq.o
 .ARM.attributes
                0x000000000000049a       0x33 USB_DEVICE/App/usb_device.o
 .ARM.attributes
                0x00000000000004cd       0x33 USB_DEVICE/App/usbd_cdc_if.o
 .ARM.attributes
                0x0000000000000500       0x33 USB_DEVICE/App/usbd_desc.o
 .ARM.attributes
                0x0000000000000533       0x33 USB_DEVICE/Target/usbd_conf.o
 .ARM.attributes
                0x0000000000000566       0x2d c:/st/stm32cubeide_1.5.0/stm32cubeide/plugins/com.st.stm32cube.ide.mcu.externaltools.gnu-tools-for-stm32.7-2018-q2-update.win32_1.5.0.202011040924/tools/bin/../lib/gcc/arm-none-eabi/7.3.1/../../../../arm-none-eabi/lib/thumb/v7-m\libc_nano.a(lib_a-errno.o)
 .ARM.attributes
                0x0000000000000593       0x2d c:/st/stm32cubeide_1.5.0/stm32cubeide/plugins/com.st.stm32cube.ide.mcu.externaltools.gnu-tools-for-stm32.7-2018-q2-update.win32_1.5.0.202011040924/tools/bin/../lib/gcc/arm-none-eabi/7.3.1/../../../../arm-none-eabi/lib/thumb/v7-m\libc_nano.a(lib_a-impure.o)
 .ARM.attributes
                0x00000000000005c0       0x2d c:/st/stm32cubeide_1.5.0/stm32cubeide/plugins/com.st.stm32cube.ide.mcu.externaltools.gnu-tools-for-stm32.7-2018-q2-update.win32_1.5.0.202011040924/tools/bin/../lib/gcc/arm-none-eabi/7.3.1/../../../../arm-none-eabi/lib/thumb/v7-m\libc_nano.a(lib_a-init.o)
 .ARM.attributes
                0x00000000000005ed       0x2d c:/st/stm32cubeide_1.5.0/stm32cubeide/plugins/com.st.stm32cube.ide.mcu.externaltools.gnu-tools-for-stm32.7-2018-q2-update.win32_1.5.0.202011040924/tools/bin/../lib/gcc/arm-none-eabi/7.3.1/../../../../arm-none-eabi/lib/thumb/v7-m\libc_nano.a(lib_a-malloc.o)
 .ARM.attributes
                0x000000000000061a       0x2d c:/st/stm32cubeide_1.5.0/stm32cubeide/plugins/com.st.stm32cube.ide.mcu.externaltools.gnu-tools-for-stm32.7-2018-q2-update.win32_1.5.0.202011040924/tools/bin/../lib/gcc/arm-none-eabi/7.3.1/../../../../arm-none-eabi/lib/thumb/v7-m\libc_nano.a(lib_a-memset.o)
 .ARM.attributes
                0x0000000000000647       0x2d c:/st/stm32cubeide_1.5.0/stm32cubeide/plugins/com.st.stm32cube.ide.mcu.externaltools.gnu-tools-for-stm32.7-2018-q2-update.win32_1.5.0.202011040924/tools/bin/../lib/gcc/arm-none-eabi/7.3.1/../../../../arm-none-eabi/lib/thumb/v7-m\libc_nano.a(lib_a-nano-freer.o)
 .ARM.attributes
                0x0000000000000674       0x2d c:/st/stm32cubeide_1.5.0/stm32cubeide/plugins/com.st.stm32cube.ide.mcu.externaltools.gnu-tools-for-stm32.7-2018-q2-update.win32_1.5.0.202011040924/tools/bin/../lib/gcc/arm-none-eabi/7.3.1/../../../../arm-none-eabi/lib/thumb/v7-m\libc_nano.a(lib_a-nano-mallocr.o)
 .ARM.attributes
                0x00000000000006a1       0x2d c:/st/stm32cubeide_1.5.0/stm32cubeide/plugins/com.st.stm32cube.ide.mcu.externaltools.gnu-tools-for-stm32.7-2018-q2-update.win32_1.5.0.202011040924/tools/bin/../lib/gcc/arm-none-eabi/7.3.1/../../../../arm-none-eabi/lib/thumb/v7-m\libc_nano.a(lib_a-puts.o)
 .ARM.attributes
                0x00000000000006ce       0x2d c:/st/stm32cubeide_1.5.0/stm32cubeide/plugins/com.st.stm32cube.ide.mcu.externaltools.gnu-tools-for-stm32.7-2018-q2-update.win32_1.5.0.202011040924/tools/bin/../lib/gcc/arm-none-eabi/7.3.1/../../../../arm-none-eabi/lib/thumb/v7-m\libc_nano.a(lib_a-sbrkr.o)
 .ARM.attributes
                0x00000000000006fb       0x17 c:/st/stm32cubeide_1.5.0/stm32cubeide/plugins/com.st.stm32cube.ide.mcu.externaltools.gnu-tools-for-stm32.7-2018-q2-update.win32_1.5.0.202011040924/tools/bin/../lib/gcc/arm-none-eabi/7.3.1/../../../../arm-none-eabi/lib/thumb/v7-m\libc_nano.a(lib_a-strlen.o)
 .ARM.attributes
                0x0000000000000712       0x2d c:/st/stm32cubeide_1.5.0/stm32cubeide/plugins/com.st.stm32cube.ide.mcu.externaltools.gnu-tools-for-stm32.7-2018-q2-update.win32_1.5.0.202011040924/tools/bin/../lib/gcc/arm-none-eabi/7.3.1/../../../../arm-none-eabi/lib/thumb/v7-m\libc_nano.a(lib_a-wbuf.o)
 .ARM.attributes
                0x000000000000073f       0x2d c:/st/stm32cubeide_1.5.0/stm32cubeide/plugins/com.st.stm32cube.ide.mcu.externaltools.gnu-tools-for-stm32.7-2018-q2-update.win32_1.5.0.202011040924/tools/bin/../lib/gcc/arm-none-eabi/7.3.1/../../../../arm-none-eabi/lib/thumb/v7-m\libc_nano.a(lib_a-wsetup.o)
 .ARM.attributes
                0x000000000000076c       0x2d c:/st/stm32cubeide_1.5.0/stm32cubeide/plugins/com.st.stm32cube.ide.mcu.externaltools.gnu-tools-for-stm32.7-2018-q2-update.win32_1.5.0.202011040924/tools/bin/../lib/gcc/arm-none-eabi/7.3.1/../../../../arm-none-eabi/lib/thumb/v7-m\libc_nano.a(lib_a-fflush.o)
 .ARM.attributes
                0x0000000000000799       0x2d c:/st/stm32cubeide_1.5.0/stm32cubeide/plugins/com.st.stm32cube.ide.mcu.externaltools.gnu-tools-for-stm32.7-2018-q2-update.win32_1.5.0.202011040924/tools/bin/../lib/gcc/arm-none-eabi/7.3.1/../../../../arm-none-eabi/lib/thumb/v7-m\libc_nano.a(lib_a-findfp.o)
 .ARM.attributes
                0x00000000000007c6       0x2d c:/st/stm32cubeide_1.5.0/stm32cubeide/plugins/com.st.stm32cube.ide.mcu.externaltools.gnu-tools-for-stm32.7-2018-q2-update.win32_1.5.0.202011040924/tools/bin/../lib/gcc/arm-none-eabi/7.3.1/../../../../arm-none-eabi/lib/thumb/v7-m\libc_nano.a(lib_a-fwalk.o)
 .ARM.attributes
                0x00000000000007f3       0x2d c:/st/stm32cubeide_1.5.0/stm32cubeide/plugins/com.st.stm32cube.ide.mcu.externaltools.gnu-tools-for-stm32.7-2018-q2-update.win32_1.5.0.202011040924/tools/bin/../lib/gcc/arm-none-eabi/7.3.1/../../../../arm-none-eabi/lib/thumb/v7-m\libc_nano.a(lib_a-makebuf.o)
 .ARM.attributes
                0x0000000000000820       0x2d c:/st/stm32cubeide_1.5.0/stm32cubeide/plugins/com.st.stm32cube.ide.mcu.externaltools.gnu-tools-for-stm32.7-2018-q2-update.win32_1.5.0.202011040924/tools/bin/../lib/gcc/arm-none-eabi/7.3.1/../../../../arm-none-eabi/lib/thumb/v7-m\libc_nano.a(lib_a-mlock.o)
 .ARM.attributes
                0x000000000000084d       0x2d c:/st/stm32cubeide_1.5.0/stm32cubeide/plugins/com.st.stm32cube.ide.mcu.externaltools.gnu-tools-for-stm32.7-2018-q2-update.win32_1.5.0.202011040924/tools/bin/../lib/gcc/arm-none-eabi/7.3.1/../../../../arm-none-eabi/lib/thumb/v7-m\libc_nano.a(lib_a-reent.o)
 .ARM.attributes
                0x000000000000087a       0x2d c:/st/stm32cubeide_1.5.0/stm32cubeide/plugins/com.st.stm32cube.ide.mcu.externaltools.gnu-tools-for-stm32.7-2018-q2-update.win32_1.5.0.202011040924/tools/bin/../lib/gcc/arm-none-eabi/7.3.1/../../../../arm-none-eabi/lib/thumb/v7-m\libc_nano.a(lib_a-stdio.o)
 .ARM.attributes
                0x00000000000008a7       0x2d c:/st/stm32cubeide_1.5.0/stm32cubeide/plugins/com.st.stm32cube.ide.mcu.externaltools.gnu-tools-for-stm32.7-2018-q2-update.win32_1.5.0.202011040924/tools/bin/../lib/gcc/arm-none-eabi/7.3.1/../../../../arm-none-eabi/lib/thumb/v7-m\libc_nano.a(lib_a-writer.o)
 .ARM.attributes
                0x00000000000008d4       0x2d c:/st/stm32cubeide_1.5.0/stm32cubeide/plugins/com.st.stm32cube.ide.mcu.externaltools.gnu-tools-for-stm32.7-2018-q2-update.win32_1.5.0.202011040924/tools/bin/../lib/gcc/arm-none-eabi/7.3.1/../../../../arm-none-eabi/lib/thumb/v7-m\libc_nano.a(lib_a-closer.o)
 .ARM.attributes
                0x0000000000000901       0x2d c:/st/stm32cubeide_1.5.0/stm32cubeide/plugins/com.st.stm32cube.ide.mcu.externaltools.gnu-tools-for-stm32.7-2018-q2-update.win32_1.5.0.202011040924/tools/bin/../lib/gcc/arm-none-eabi/7.3.1/../../../../arm-none-eabi/lib/thumb/v7-m\libc_nano.a(lib_a-fstatr.o)
 .ARM.attributes
                0x000000000000092e       0x2d c:/st/stm32cubeide_1.5.0/stm32cubeide/plugins/com.st.stm32cube.ide.mcu.externaltools.gnu-tools-for-stm32.7-2018-q2-update.win32_1.5.0.202011040924/tools/bin/../lib/gcc/arm-none-eabi/7.3.1/../../../../arm-none-eabi/lib/thumb/v7-m\libc_nano.a(lib_a-isattyr.o)
 .ARM.attributes
                0x000000000000095b       0x2d c:/st/stm32cubeide_1.5.0/stm32cubeide/plugins/com.st.stm32cube.ide.mcu.externaltools.gnu-tools-for-stm32.7-2018-q2-update.win32_1.5.0.202011040924/tools/bin/../lib/gcc/arm-none-eabi/7.3.1/../../../../arm-none-eabi/lib/thumb/v7-m\libc_nano.a(lib_a-lseekr.o)
 .ARM.attributes
                0x0000000000000988       0x2d c:/st/stm32cubeide_1.5.0/stm32cubeide/plugins/com.st.stm32cube.ide.mcu.externaltools.gnu-tools-for-stm32.7-2018-q2-update.win32_1.5.0.202011040924/tools/bin/../lib/gcc/arm-none-eabi/7.3.1/../../../../arm-none-eabi/lib/thumb/v7-m\libc_nano.a(lib_a-readr.o)
 .ARM.attributes
                0x00000000000009b5       0x1d c:/st/stm32cubeide_1.5.0/stm32cubeide/plugins/com.st.stm32cube.ide.mcu.externaltools.gnu-tools-for-stm32.7-2018-q2-update.win32_1.5.0.202011040924/tools/bin/../lib/gcc/arm-none-eabi/7.3.1/thumb/v7-m\libgcc.a(_aeabi_uldivmod.o)
 .ARM.attributes
                0x00000000000009d2       0x2d c:/st/stm32cubeide_1.5.0/stm32cubeide/plugins/com.st.stm32cube.ide.mcu.externaltools.gnu-tools-for-stm32.7-2018-q2-update.win32_1.5.0.202011040924/tools/bin/../lib/gcc/arm-none-eabi/7.3.1/thumb/v7-m\libgcc.a(_udivmoddi4.o)
 .ARM.attributes
                0x00000000000009ff       0x1d c:/st/stm32cubeide_1.5.0/stm32cubeide/plugins/com.st.stm32cube.ide.mcu.externaltools.gnu-tools-for-stm32.7-2018-q2-update.win32_1.5.0.202011040924/tools/bin/../lib/gcc/arm-none-eabi/7.3.1/thumb/v7-m\libgcc.a(_dvmd_tls.o)
 .ARM.attributes
                0x0000000000000a1c       0x1d c:/st/stm32cubeide_1.5.0/stm32cubeide/plugins/com.st.stm32cube.ide.mcu.externaltools.gnu-tools-for-stm32.7-2018-q2-update.win32_1.5.0.202011040924/tools/bin/../lib/gcc/arm-none-eabi/7.3.1/thumb/v7-m/crtn.o
OUTPUT(USB_UART_RINGBUF.elf elf32-littlearm)

.debug_info     0x0000000000000000    0x15c50
 .debug_info    0x0000000000000000      0x724 Core/Src/gpio.o
 .debug_info    0x0000000000000724     0x11b3 Core/Src/main.o
 .debug_info    0x00000000000018d7      0x362 Core/Src/stm32f2xx_hal_msp.o
 .debug_info    0x0000000000001c39      0xaa4 Core/Src/stm32f2xx_it.o
 .debug_info    0x00000000000026dd      0xebd Core/Src/syscalls.o
 .debug_info    0x000000000000359a      0x985 Core/Src/sysmem.o
 .debug_info    0x0000000000003f1f      0x3b0 Core/Src/system_stm32f2xx.o
 .debug_info    0x00000000000042cf      0xb6e Core/Src/usart.o
 .debug_info    0x0000000000004e3d       0x22 Core/Startup/startup_stm32f207zgtx.o
 .debug_info    0x0000000000004e5f      0x9be Drivers/STM32F2xx_HAL_Driver/Src/stm32f2xx_hal.o
 .debug_info    0x000000000000581d      0xe28 Drivers/STM32F2xx_HAL_Driver/Src/stm32f2xx_hal_cortex.o
 .debug_info    0x0000000000006645      0x968 Drivers/STM32F2xx_HAL_Driver/Src/stm32f2xx_hal_dma.o
 .debug_info    0x0000000000006fad      0x78d Drivers/STM32F2xx_HAL_Driver/Src/stm32f2xx_hal_gpio.o
 .debug_info    0x000000000000773a     0x115a Drivers/STM32F2xx_HAL_Driver/Src/stm32f2xx_hal_pcd.o
 .debug_info    0x0000000000008894      0x733 Drivers/STM32F2xx_HAL_Driver/Src/stm32f2xx_hal_pcd_ex.o
 .debug_info    0x0000000000008fc7      0xae3 Drivers/STM32F2xx_HAL_Driver/Src/stm32f2xx_hal_rcc.o
 .debug_info    0x0000000000009aaa     0x1263 Drivers/STM32F2xx_HAL_Driver/Src/stm32f2xx_hal_uart.o
 .debug_info    0x000000000000ad0d     0x18dd Drivers/STM32F2xx_HAL_Driver/Src/stm32f2xx_ll_usb.o
 .debug_info    0x000000000000c5ea     0x176b Middlewares/ST/STM32_USB_Device_Library/Class/CDC/Src/usbd_cdc.o
 .debug_info    0x000000000000dd55     0x11d2 Middlewares/ST/STM32_USB_Device_Library/Core/Src/usbd_core.o
 .debug_info    0x000000000000ef27     0x1142 Middlewares/ST/STM32_USB_Device_Library/Core/Src/usbd_ctlreq.o
 .debug_info    0x0000000000010069      0xf33 Middlewares/ST/STM32_USB_Device_Library/Core/Src/usbd_ioreq.o
 .debug_info    0x0000000000010f9c      0xf7c USB_DEVICE/App/usb_device.o
 .debug_info    0x0000000000011f18     0x1061 USB_DEVICE/App/usbd_cdc_if.o
 .debug_info    0x0000000000012f79      0xd17 USB_DEVICE/App/usbd_desc.o
 .debug_info    0x0000000000013c90     0x1fc0 USB_DEVICE/Target/usbd_conf.o

.debug_abbrev   0x0000000000000000     0x3582
 .debug_abbrev  0x0000000000000000      0x13d Core/Src/gpio.o
 .debug_abbrev  0x000000000000013d      0x2a5 Core/Src/main.o
 .debug_abbrev  0x00000000000003e2      0x109 Core/Src/stm32f2xx_hal_msp.o
 .debug_abbrev  0x00000000000004eb      0x190 Core/Src/stm32f2xx_it.o
 .debug_abbrev  0x000000000000067b      0x261 Core/Src/syscalls.o
 .debug_abbrev  0x00000000000008dc      0x19b Core/Src/sysmem.o
 .debug_abbrev  0x0000000000000a77      0x12b Core/Src/system_stm32f2xx.o
 .debug_abbrev  0x0000000000000ba2      0x1a2 Core/Src/usart.o